
*** Running vivado
    with args -log jesd204_up_common.vds -m64 -product Vivado -mode batch -messageDb vivado.pb -notrace -source jesd204_up_common.tcl


****** Vivado v2019.2 (64-bit)
  **** SW Build 2708876 on Wed Nov  6 21:40:23 MST 2019
  **** IP Build 2700528 on Thu Nov  7 00:09:20 MST 2019
    ** Copyright 1986-2019 Xilinx, Inc. All Rights Reserved.

source jesd204_up_common.tcl -notrace
INFO: [IP_Flow 19-234] Refreshing IP repositories
INFO: [IP_Flow 19-1700] Loaded user IP repository 'c:/vivado/analogdev/library'.
INFO: [IP_Flow 19-3656] If you move the project, the path for repository 'c:/vivado/analogdev/library' may become invalid. A better location for the repository would be in a path adjacent to the project. (Current project location is 'c:/vivado/analogdev/library/jesd204/axi_jesd204_common/axi_jesd204_common.runs/synth_1'.)
WARNING: [IP_Flow 19-2248] Failed to load user IP repository 'c:/vivado/ghdl/library'; Can't find the specified path.
If this directory should no longer be in your list of user repositories, go to the IP Settings dialog and remove it.
INFO: [IP_Flow 19-2313] Loaded Vivado IP repository 'F:/Xilinx/Vivado/2019.2/data/ip'.
WARNING: [IP_Flow 19-4995] The host OS only allows 260 characters in a normal path. The IP cache path is more than 80 characters. If you experience issues with IP caching, please consider changing the IP cache to a location with a shorter path. Alternately consider using the OS subst command to map part of the path to a drive letter. 
Current IP cache path is c:/vivado/analogdev/library/jesd204/axi_jesd204_common/axi_jesd204_common.cache/ip 
Command: synth_design -top jesd204_up_common -part xc7vx485tffg1157-1
Starting synth_design
Attempting to get a license for feature 'Synthesis' and/or device 'xc7vx485t'
WARNING: [Common 17-348] Failed to get the license for feature 'Synthesis' and/or device 'xc7vx485t'. Explanation: The license feature Synthesis could not be found.
Resolution: Check the status of your licenses in the Vivado License Manager. For debug help search Xilinx Support for "Licensing FAQ". 
4 Infos, 3 Warnings, 0 Critical Warnings and 1 Errors encountered.
synth_design failed
ERROR: [Common 17-345] A valid license was not found for feature 'Synthesis' and/or device 'xc7vx485t'. Please run the Vivado License Manager for assistance in determining
which features and devices are licensed for your system.
Resolution: Check the status of your licenses in the Vivado License Manager. For debug help search Xilinx Support for "Licensing FAQ". If you are using a license server, verify that the license server is up and running a version of the xilinx daemon that is compatible with the version of Xilinx software that you are using. Please note that Vivado 2017.3 and later requires upgrading your license server tools to the Flex 11.14.1 tools. Please confirm with your license admin that the correct version of the license server tools are installed.
INFO: [Common 17-206] Exiting Vivado at Sun Apr 19 14:52:32 2020...
