Open Watcom Linker Version 2.0 beta Jun  8 2020 00:29:46 (64-bit)
Copyright (c) 2002-2020 The Open Watcom Contributors. All Rights Reserved.
Portions Copyright (c) 1985-2002 Sybase, Inc. All Rights Reserved.
Created on:       22/11/07 10:52:25
Executable Image: err.rdv
creating a 32-bit RDOS Device driver executable


                        +------------+
                        |   Groups   |
                        +------------+

Group                           Address              Size
=====                           =======              ====

DGROUP                          0002:00000000        00007b9c



                        +--------------+
                        |   Segments   |
                        +--------------+

Segment                Class          Group          Address         Size
=======                =====          =====          =======         ====

_TEXT                  CODE           AUTO           0001:00000000   00000328
BEGTEXT                CODE           AUTO           0001:00000328   00000007
CONST                  DATA           DGROUP         0002:00000000   000010cd
CONST2                 DATA           DGROUP         0002:000010d0   00006a26
_DATA                  DATA           DGROUP         0002:00007af8   0000006f
XIB                    DATA           DGROUP         0002:00007b68   00000000
XI                     DATA           DGROUP         0002:00007b68   00000006
XIE                    DATA           DGROUP         0002:00007b6e   00000000
YIB                    DATA           DGROUP         0002:00007b6e   00000000
YI                     DATA           DGROUP         0002:00007b6e   00000000
YIE                    DATA           DGROUP         0002:00007b6e   00000000
_NULL                  DATA           DGROUP         0002:00007b70   00000004
_AFTERNULL             DATA           DGROUP         0002:00007b74   00000002
DATA                   DATA           DGROUP         0002:00007b76   00000000
_BSS                   BSS            DGROUP         0002:00007b80   0000001c


                        +----------------+
                        |   Memory Map   |
                        +----------------+

* = unreferenced symbol
+ = symbol only referenced locally

Address        Symbol
=======        ======

Module: err.obj(E:\rdos\classlib\ssl\error\err.c)
0001:00000000  main_
Module: e:\watcom\lib386\rdosdev\clib3r.lib(stkrdk.asm)
0001:00000021  __CHK
Module: e:\watcom\lib386\rdosdev\clib3r.lib(cstrtrdk.asm)
0001:0000032b* ___begtext
0002:00007b70* __nullarea
0001:00000032  _cexit_
0001:0000005f  _cstart_
Module: e:\watcom\lib386\rdosdev\clib3r.lib(xmsg.c)
0001:00000110* __exit_with_msg_
0001:00000120  __fatal_runtime_error_
Module: e:\watcom\lib386\rdosdev\clib3r.lib(mainrdk.c)
0002:00007b00* __AccessFileH
0002:00007b04* __ReleaseFileH
0002:00007b08* __AccessIOB
0002:00007b0c* __ReleaseIOB
0002:00007b10* __AccessNHeap
0002:00007b14* __AccessFHeap
0002:00007b18* __ReleaseNHeap
0002:00007b1c* __ReleaseFHeap
0002:00007b20* __AccessTDList
0002:00007b24* __ReleaseTDList
0001:00000150  __RdosMain
0001:000001e0  __exit_
0002:00007b28* __AccessFList
0002:00007b2c* __ReleaseFList
Module: e:\watcom\lib386\rdosdev\clib3r.lib(initrtns.c)
0001:00000200  __InitRtns
0001:00000250  __FiniRtns
Module: e:\watcom\lib386\rdosdev\clib3r.lib(crwdata)
0002:00007b61  __osmajor
0002:00007b62  __osminor
0002:00007b38  __LpCmdLine
0002:00007b3c  __LpPgmName
0002:00007b30* __dynend
0002:00007b34* __curbrk
0002:00007b50* __cbyte
0002:00007b54* __cbyte2
0002:00007b58* __child
0002:00007b5d* __Envptr
0002:00007b40* __STACKLOW
0002:00007b44* __STACKTOP
0002:00007b48  __ASTACKSIZ
0002:00007b4c  __ASTACKPTR
0002:00007b5c* __no87
0002:00007b63* ___FPE_handler
Module: e:\watcom\lib386\rdosdev\clib3r.lib(cmain386.c)
0001:000002b0  __CMain
Module: e:\watcom\lib386\rdosdev\clib3r.lib(sgdef086)
0002:00007b68  __Start_XI
0002:00007b6e  __End_XI
0002:00007b6e  __Start_YI
0002:00007b6e  __End_YI
Module: e:\watcom\lib386\rdosdev\clib3r.lib(cinit.c)
0001:00000300  __CommonInit_
Module: e:\watcom\lib386\rdosdev\clib3r.lib(___argc.c)
0002:00007b90  ____Argc
0002:00007b96  ____Argv
Module: e:\watcom\lib386\rdosdev\clib3r.lib(exit.c)
0001:00000310  exit_
0001:00000323* _exit_


                        +--------------------+
                        |   Libraries Used   |
                        +--------------------+

e:\watcom\lib386\rdosdev\clib3r.lib


                        +-----------------------+
                        |   Linker Statistics   |
                        +-----------------------+

Stack size:  1000 (4096.)
Memory size:  7ecb (32459.)
Entry point address: 0001:0000005f
Link time: 00:00.10
