Open Watcom Linker Version 2.0 beta Nov  8 2022 12:07:22 (32-bit)
Copyright (c) 2002-2022 The Open Watcom Contributors. All Rights Reserved.
Portions Copyright (c) 1985-2002 Sybase, Inc. All Rights Reserved.
Created on:       22/11/08 15:15:05
Executable Image: err.rdv
creating a 32-bit RDOS Device driver executable


                        +------------+
                        |   Groups   |
                        +------------+

Group                           Address              Size
=====                           =======              ====

DGROUP                          0002:00000000        00014cac



                        +--------------+
                        |   Segments   |
                        +--------------+

Segment                Class          Group          Address         Size
=======                =====          =====          =======         ====

_TEXT                  CODE           AUTO           0001:00000000   00000308
BEGTEXT                CODE           AUTO           0001:00000308   00000007
CONST                  DATA           DGROUP         0002:00000000   00006bd7
CONST2                 DATA           DGROUP         0002:00006bd8   0000e028
_DATA                  DATA           DGROUP         0002:00014c00   0000006f
XIB                    DATA           DGROUP         0002:00014c70   00000000
XI                     DATA           DGROUP         0002:00014c70   00000006
XIE                    DATA           DGROUP         0002:00014c76   00000000
YIB                    DATA           DGROUP         0002:00014c76   00000000
YI                     DATA           DGROUP         0002:00014c76   00000000
YIE                    DATA           DGROUP         0002:00014c76   00000000
_NULL                  DATA           DGROUP         0002:00014c80   00000004
_AFTERNULL             DATA           DGROUP         0002:00014c84   00000002
DATA                   DATA           DGROUP         0002:00014c86   00000000
_BSS                   BSS            DGROUP         0002:00014c90   0000001c


                        +----------------+
                        |   Memory Map   |
                        +----------------+

* = unreferenced symbol
+ = symbol only referenced locally

Address        Symbol
=======        ======

Module: err.obj(H:\rdos\classlib\ssl\error\err.c)
0001:00000000  main_
Module: H:\ow\rel\lib386\rdosdev\clib3r.lib(stkrdk.asm)
0001:00000021  __CHK
Module: H:\ow\rel\lib386\rdosdev\clib3r.lib(cstrtrdk.asm)
0001:0000030b* ___begtext
0002:00014c80* __nullarea
0001:00000032  _cexit_
0001:0000005f  _cstart_
Module: H:\ow\rel\lib386\rdosdev\clib3r.lib(mainrdk.c)
0002:00014c08* __AccessFileH
0002:00014c0c* __ReleaseFileH
0002:00014c10* __AccessIOB
0002:00014c14* __ReleaseIOB
0002:00014c18* __AccessNHeap
0002:00014c1c* __AccessFHeap
0002:00014c20* __ReleaseNHeap
0002:00014c24* __ReleaseFHeap
0002:00014c28* __AccessTDList
0002:00014c2c* __ReleaseTDList
0001:00000130  __RdosMain
0001:000001c0  __exit_
0002:00014c30* __AccessFList
0002:00014c34* __ReleaseFList
Module: H:\ow\rel\lib386\rdosdev\clib3r.lib(initrtns.c)
0001:000001e0  __InitRtns
0001:00000230  __FiniRtns
Module: H:\ow\rel\lib386\rdosdev\clib3r.lib(crwdata)
0002:00014c69  __osmajor
0002:00014c6a  __osminor
0002:00014c40  __LpCmdLine
0002:00014c44  __LpPgmName
0002:00014c38* __dynend
0002:00014c3c* __curbrk
0002:00014c58* __cbyte
0002:00014c5c* __cbyte2
0002:00014c60* __child
0002:00014c65* __Envptr
0002:00014c48* __STACKLOW
0002:00014c4c* __STACKTOP
0002:00014c50  __ASTACKSIZ
0002:00014c54  __ASTACKPTR
0002:00014c64* __no87
0002:00014c6b* ___FPE_handler
Module: H:\ow\rel\lib386\rdosdev\clib3r.lib(cmain386.c)
0001:00000290  __CMain
Module: H:\ow\rel\lib386\rdosdev\clib3r.lib(sgdef086)
0002:00014c70  __Start_XI
0002:00014c76  __End_XI
0002:00014c76  __Start_YI
0002:00014c76  __End_YI
Module: H:\ow\rel\lib386\rdosdev\clib3r.lib(cinit.c)
0001:000002e0  __CommonInit_
Module: H:\ow\rel\lib386\rdosdev\clib3r.lib(___argc.c)
0002:00014ca0  ____Argc
0002:00014ca6  ____Argv
Module: H:\ow\rel\lib386\rdosdev\clib3r.lib(exit.c)
0001:000002f0  exit_
0001:00000303* _exit_


                        +--------------------+
                        |   Libraries Used   |
                        +--------------------+

H:\ow\rel\lib386\rdosdev\clib3r.lib


                        +-----------------------+
                        |   Linker Statistics   |
                        +-----------------------+

Stack size:  1000 (4096.)
Memory size:  00014fbb (85947.)
Entry point address: 0001:0000005f
Link time: 00:00.00
