Open Watcom Linker Version 1.9beta1 Limited Availability
Portions Copyright (c) 1985-2002 Sybase, Inc. All Rights Reserved.
Created on:       10/08/25 10:43:22
Executable Image: wrce.exe
creating a Windows NT character-mode executable


                        +------------+
                        |   Groups   |
                        +------------+

Group                           Address              Size
=====                           =======              ====

.idata                          00441000             00000608
DGROUP                          00442000             00017b80



                        +--------------+
                        |   Segments   |
                        +--------------+

Segment                Class          Group          Address         Size
=======                =====          =====          =======         ====

BEGTEXT                CODE           AUTO           00401000        00000007
_TEXT                  CODE           AUTO           00401010        0003f42f
TRANSFER CODE          CODE           AUTO           00440440        00000144
.idata                 .idata         .idata         00441000        00000608
_NULL                  BEGDATA        DGROUP         00442000        00000004
_AFTERNULL             BEGDATA        DGROUP         00442004        00000000
CONST                  DATA           DGROUP         00442004        0000005c
CONST2                 DATA           DGROUP         00442060        00000000
_DATA                  DATA           DGROUP         00442060        000011b0
XIB                    DATA           DGROUP         00443210        00000000
XI                     DATA           DGROUP         00443210        00000024
XIE                    DATA           DGROUP         00443234        00000000
YIB                    DATA           DGROUP         00443234        00000000
YI                     DATA           DGROUP         00443234        0000001e
YIE                    DATA           DGROUP         00443252        00000000
TIB                    DATA           DGROUP         00443252        00000000
TI                     DATA           DGROUP         00443252        00000000
TIE                    DATA           DGROUP         00443252        00000000
DATA                   DATA           DGROUP         00443252        00000000
_BSS                   BSS            DGROUP         00444000        00005b7c
STACK                  STACK          DGROUP         00449b80        00010000


                        +----------------+
                        |   Memory Map   |
                        +----------------+

* = unreferenced symbol
+ = symbol only referenced locally

Address        Symbol
=======        ======

Module: ytabw.obj(c:\ow\openwatcom\bld\sdk\rc\rc\nt386\ytabw.c)
00442060       _yysyntaxerror
00409160+      yylex_
00409910*      ParseFini_
0040c870       ParseInit_
0040ca30       Parse_
0040ca80*      ParseInitStatics_
00444000       _yylval
Module: ytab2.obj(c:\ow\openwatcom\bld\sdk\rc\rc\nt386\ytab2.c)
00413e60*      ParseFiniOS2_
00415740       ParseInitOS2_
00415900       ParseOS2_
00415950*      ParseInitStaticsOS2_
Module: keyword.obj(c:\ow\openwatcom\bld\sdk\rc\rc\c\keyword.c)
004162b0       LookupKeyword_
Module: keyword2.obj(c:\ow\openwatcom\bld\sdk\rc\rc\c\keyword2.c)
00416c50       LookupKeywordOS2_
Module: errors.obj(c:\ow\openwatcom\bld\sdk\rc\rc\c\errors.c)
00416fc0       RcWarning_
00417000       RcError_
00417040       RcFatalError_
004170c0*      ErrorInitStatics_
Module: errprt.obj(c:\ow\openwatcom\bld\sdk\rc\rc\c\errprt.c)
004170f0       RcMsgFprintf_
00417120       InitOutPutInfo_
Module: exeobj.obj(c:\ow\openwatcom\bld\sdk\rc\rc\c\exeobj.c)
004173f0       CopyExeObjects_
00417510       GetNextObjPhysOffset_
00417540       GetNextObjRVA_
Module: exeres.obj(c:\ow\openwatcom\bld\sdk\rc\rc\c\exeres.c)
00417570       InitResTable_
00417610       ComputeResourceSize_
00417970       CopyResources_
00417bd0       WriteResTable_
Module: exeres2.obj(c:\ow\openwatcom\bld\sdk\rc\rc\c\exeres2.c)
00417e40       InitOS2ResTable_
00417ee0       ComputeOS2ResSegCount_
00418030       CopyOS2Resources_
00418260       WriteOS2ResTable_
Module: exerespe.obj(c:\ow\openwatcom\bld\sdk\rc\rc\c\exerespe.c)
00418d10       RcPadFile_
00418e00+      mergeDirectory_
00418f40+      BuildResourceObject_
00419190       RcBuildResourceObject_
Module: exereslx.obj(c:\ow\openwatcom\bld\sdk\rc\rc\c\exereslx.c)
004194a0+      WriteLXResourceObjects_
004196f0+      BuildLXResourceObjects_
004197e0       RcBuildLXResourceObjects_
00419830       RcWriteLXResourceObjects_
Module: exelxobj.obj(c:\ow\openwatcom\bld\sdk\rc\rc\c\exelxobj.c)
00419f70       CopyLXExeObjects_
Module: exeseg.obj(c:\ow\openwatcom\bld\sdk\rc\rc\c\exeseg.c)
0041a120       AllocAndReadSegTables_
0041a1d0       AllocAndReadOS2SegTables_
0041a2c0       ComputeSegmentSize_
0041a6e0       CopySegments_
0041a800       CopyOS2Segments_
Module: exeutil.obj(c:\ow\openwatcom\bld\sdk\rc\rc\c\exeutil.c)
0041a970       CopyExeData_
0041aa20       CopyExeDataTilEOF_
0041aa90       AlignAmount_
0041aae0       FindShiftCount_
0041ab40       PadExeData_
0041abb0       CheckDebugOffset_
0041abd0       OffsetFromRVA_
0041ac30       SeekRead_
0041ac70       FindNEPELXHeader_
Module: global.obj(c:\ow\openwatcom\bld\sdk\rc\rc\c\global.c)
004428d4       _ErrorHasOccured
0044482c       _CharSet
0044492c       _Instance
00444934       _CmdLineParms
00444f74       _Pass2Info
0044532c       _StopInvoked
00445330       _CurrResFile
00445454       _NewIncludeDirs
Module: layer0.obj(c:\ow\openwatcom\bld\sdk\rc\rc\c\layer0.c)
0041adb0       RegisterOpenFile_
0041ae10       CloseAllFiles_
0041ae50       RcOpen_
0041af30       RcClose_
0041afb0       RcWrite_
0041b0d0       RcRead_
0041b1b0       RcSeek_
0041b2f0       RcTell_
0041b340       Layer0InitStatics_
004428d8       _WResRtns
Module: param.obj(c:\ow\openwatcom\bld\sdk\rc\rc\c\param.c)
0041b420+      RcAddCPPArg_
0041b4a0       SetDBRange_
0041c030       AddNewIncludeDirs_
0041c5c0+      ParseEnvVar_
0041c7b0       ScanParams_
0041c810       ScanParamShutdown_
Module: pass2.obj(c:\ow\openwatcom\bld\sdk\rc\rc\c\pass2.c)
0041d210       MergeResExeNE_
0041d3c0       MergeResExeOS2NE_
0041d560+      updateDebugDirectory_
0041d700       MergeResExePE_
0041da90       MergeResExeLX_
Module: rc.obj(c:\ow\openwatcom\bld\sdk\rc\rc\c\rc.c)
0041ddc0       main_
Module: rcio.obj(c:\ow\openwatcom\bld\sdk\rc\rc\c\rcio.c)
0041dfe0       RcGetEnv_
0041e1c0       RcFindResource_
0041e320       RcTmpFileName_
0041e530       RcPass1IoInit_
0041e840       RcPass1IoShutdown_
0041eba0+      ClosePass2FilesAndFreeMem_
0041ec50       RcPass2IoInit_
0041ed80       RcPass2IoShutdown_
0041edd0       RcIoPrintBanner_
0041ee00       RcIoPrintHelp_
0041eee0*      RcIoTextInputInit_
0041ef10+      RcIoTextInputShutdown_
0041f100+      RcIoPushInputFile_
0041f1b0*      RcIoPopInputFile_
0041f200       RcIoGetChar_
0041f290       RcIoGetLogicalFileInfo_
0041f2a0*      RcIoOverrideIsCOrHFlag_
0041f2c0+      RcIoSetIsCOrHFlag_
0041f340       RcIoSetLogicalFileInfo_
0041f370       RcIoIsCOrHFile_
0041f390       RcIoOpenInput_
0041f440*      RcIoInitStatics_
004456d8+      _InStack
Module: rcmem.obj(c:\ow\openwatcom\bld\sdk\rc\rc\c\rcmem.c)
0041f460       RcMemInit_
0041f470       RcMemShutdown_
0041f480       RcMemMalloc_
0041f4a0       RcMemFree_
0041f4b0       RcMemRealloc_
Module: rcstr.obj(c:\ow\openwatcom\bld\sdk\rc\rc\c\rcstr.c)
0041f790       StringBlockBuild_
0041f910       CompareStringItems32_
0041f990       StringBlockFind_
Module: ppalloc.obj(c:\ow\openwatcom\bld\sdk\rc\rc\c\ppalloc.c)
0041f9d0       PP_Malloc_
0041f9e0       PP_Free_
0041f9f0       PP_OutOfMemory_
Module: scan.obj(c:\ow\openwatcom\bld\sdk\rc\rc\c\scan.c)
0041fab0       ScanInit_
00420c20       Scan_
00420c40*      ScanInitStatics_
00420c60*      FindAndReplace_
Module: scan2.obj(c:\ow\openwatcom\bld\sdk\rc\rc\c\scan2.c)
00420f20       ScanInitOS2_
00422090       ScanOS2_
004220b0*      ScanInitStaticsOS2_
Module: semaccel.obj(c:\ow\openwatcom\bld\sdk\rc\rc\c\semaccel.c)
004220de       _DefaultAccelFlags
004220e0       SemStrToAccelEvent_
00422180       SemMakeAccItem_
00422250       SemWriteAccelEntry_
004222c0       SemWriteLastAccelEntry_
Module: semantic.obj(c:\ow\openwatcom\bld\sdk\rc\rc\c\semantic.c)
004225d0       SetDefLang_
004225e0       SemSetGlobalLanguage_
00422610       SemSetResourceLanguage_
00422660       GetResourceLanguage_
004226a0       ClearResourceLanguage_
004226b0       SemUnsupported_
004226d0       SemStartResource_
00422770       SemEndResource_
004227e0       SemAddResourceFree_
00422a60       SemAddResource_
00422a80       SemAddResource2_
00422bd0       SemAddFirstMemOption_
00422c10       SemAddMemOption_
00422cc0       SemCheckMemFlags_
00422ee0       SemTokenToString_
00423170*      SemanticInitStatics_
Module: semdiag.obj(c:\ow\openwatcom\bld\sdk\rc\rc\c\semdiag.c)
00423260       SemNewDiagOptions_
00423440       SemDiagOptions_
00423480       SemEmptyDiagCtrlList_
004234a0       SemNewDiagCtrlList_
004234c0       SemAddDiagCtrlList_
004234f0+      SemInitDiagCtrl_
00423520       SemNewDiagCtrl_
00423b10       SemWriteDialogBox_
00423d30       SemSetControlData_
Module: semmenu.obj(c:\ow\openwatcom\bld\sdk\rc\rc\c\semmenu.c)
00423e30       SemAddFirstMenuOption_
00423e40       SemAddMenuOption_
00423e90       SemNewMenu_
00423f10       SemAddMenuItem_
004241d0       SemWriteMenu_
Module: semver.obj(c:\ow\openwatcom\bld\sdk\rc\rc\c\semver.c)
00424350       SemNewVerValueList_
004243a0       SemAddVerValueList_
004244d0       SemNewBlockVal_
00424510       SemNameVerBlock_
004246d0       SemNewBlockNest_
00424700       SemAddBlockNest_
00424720       SemMergeBlockNest_
004247e0       SemNewVerFixedInfo_
00424820       SemAddVerFixedInfo_
004248e0       SemWriteVerInfo_
Module: semtbar.obj(c:\ow\openwatcom\bld\sdk\rc\rc\c\semtbar.c)
00424ab0       SemCreateToolBar_
00424ae0       SemAddToolBarItem_
00424b60       SemWriteToolBar_
Module: semantc2.obj(c:\ow\openwatcom\bld\sdk\rc\rc\c\semantc2.c)
00424e50       SemOS2DefaultCodepage_
00424e60       SemOS2SetCodepage_
00424e70       SemOS2AddFirstResOption_
00424ec0       SemOS2AddResOption_
00424fd0       SemOS2CheckResFlags_
004251f0       SemOS2TokenToString_
00425410*      SemanticOS2InitStatics_
Module: sem2diag.obj(c:\ow\openwatcom\bld\sdk\rc\rc\c\sem2diag.c)
00425490       SemOS2NewDiagCtrlList_
004254b0       SemOS2AddDiagCtrlList_
004254e0*      SemOS2InitDiagCtrl_
00425510       SemOS2NewDiagCtrl_
00425e30       SemOS2WriteDialogTemplate_
00425f00       SemOS2SetControlData_
00425f60       SemOS2SetWindowData_
00425ff0       SemOS2AddDlgincResource_
00426090       SemOS2NewPresParamList_
004260d0       SemOS2AppendPresParam_
Module: sem2menu.obj(c:\ow\openwatcom\bld\sdk\rc\rc\c\sem2menu.c)
00426110+      ResOS2WriteMenuHeader_
00426140+      ResOS2WriteMenuItemNormal_
004261b0       SemOS2AddFirstMenuOption_
004261c0       SemOS2AddMenuOption_
004261d0       SemOS2NewMenu_
00426250       SemOS2AddMenuItem_
00426450       SemOS2WriteMenu_
Module: sem2sngl.obj(c:\ow\openwatcom\bld\sdk\rc\rc\c\sem2sngl.c)
00426520       SemOS2AddSingleLineResource_
00426c70       SemOS2WriteFontDir_
Module: sem2str.obj(c:\ow\openwatcom\bld\sdk\rc\rc\c\sem2str.c)
00426d60+      ResOS2WriteStringTableBlock_
00426df0       SemOS2NewStringTable_
00426e30+      SemOS2FreeStringTable_
00426ee0       SemOS2AddStrToStringTable_
004270a0       SemOS2MergeStrTable_
004270e0       SemOS2MergeMsgTable_
00427130       SemOS2WriteStringTable_
Module: sem2accl.obj(c:\ow\openwatcom\bld\sdk\rc\rc\c\sem2accl.c)
00427200       _DefaultAccelFlagsOS2
00427210+      ResOS2WriteAccelEntry_
00427240       SemOS2StrToAccelEvent_
00427290       SemOS2MakeAccItem_
00427300       SemOS2NewAccelTable_
00427370       SemOS2AddAccelEntry_
00427480       SemOS2WriteAccelTable_
Module: sem2help.obj(c:\ow\openwatcom\bld\sdk\rc\rc\c\sem2help.c)
00427530+      ResOS2WriteHelpEntry_
00427560       SemOS2MakeHelpItem_
004275a0       SemOS2NewHelpTable_
00427610       SemOS2AddHelpItem_
004276f0       SemOS2WriteHelpTable_
004277a0       SemOS2NewHelpSubTable_
00427800       SemOS2AddHelpSubItem_
00427940       SemOS2WriteHelpSubTable_
Module: semraw.obj(c:\ow\openwatcom\bld\sdk\rc\rc\c\semraw.c)
004279f0       SemWriteRawDataItem_
00427b10       SemCopyDataUntilEOF_
00427b90       SemCopyRawFile_
00427d10       SemNewDataElemList_
00427d40       SemAppendDataElem_
00427db0       SemFlushDataElemList_
00427e50       SemFreeDataElemList_
Module: semsingl.obj(c:\ow\openwatcom\bld\sdk\rc\rc\c\semsingl.c)
00427eb0       SemAddMessageTable_
00427f50       SemAddSingleLineResource_
004292a0       SemWriteFontDir_
Module: semstr.obj(c:\ow\openwatcom\bld\sdk\rc\rc\c\semstr.c)
00429390       SemNewStringTable_
004293d0+      SemFreeStringTable_
00429470       SemAddStrToStringTable_
00429660       SemMergeStrTable_
004296c0       SemMergeErrTable_
00429720       SemWriteStringTable_
Module: dbtable.obj(c:\ow\openwatcom\bld\sdk\rc\rc\c\dbtable.c)
00429980       OpenTable_
00429a70       GetLeadBytes_
00429a80+      DBStringToUnicode_
00429ae0       FiniTable_
00429b30*      DbtableInitStatics_
Module: preproc.obj(c:\ow\openwatcom\bld\cpp\preproc.c)
00447d10+      _SkipLevel
00447d14+      _PPIncludePath
00447d18+      _PP_CallBack
00447d1c+      _PPBufPtr
00447d20+      _PPStack
00447d24+      _NestLevel
00447d28       _PPFlags
00447d2c       _PPTokenList
00447d30       _PPTokenPtr
00447d34       _PPLineNumber
00447d38       _PPCurToken
00447d3c+      _PPHashTable
00442a28       _PP__DATE__
00442a36       _PP__TIME__
00442a41+      _PreProcChar
00429cd0+      isAbsPath_
00429d00+      PP_Open_
00429da0+      PP_FindInclude_
00429e30+      PP_OpenInclude_
0042a110+      PP_SetLeadBytes_
0042a140*      PP_Init_
0042a150       PP_Init2_
0042a260*      PP_Dependency_List_
0042a2c0       PP_Fini_
0042a300+      PP_ReadBuf_
0042a340+      PP_ReadLine_
0042a460+      PP_Hash_
0042a4b0       PP_Class_
0042a4e0       PP_ScanName_
0042a510+      PP_Include_
0042a5c0+      PP_RCInclude_
0042a670+      PP_AddMacro_
0042a6e0+      PP_SkipSpace_
0042a710+      PP_SkipComment_
0042a790       PP_SkipWhiteSpace_
0042a7d0       PP_Define_
0042a940       PP_MacroLookup_
0042a970       PP_ScanMacroLookup_
0042a9c0*      PP_Undef_
0042a9d0*      PP_Ifdef_
0042a9e0*      PP_Ifndef_
0042aa40+      PPConstExpr_
0042aa70+      PP_If_
0042aab0+      PP_Elif_
0042ab40+      PP_Else_
0042abb0+      PP_Endif_
0042ac00+      PP_Sharp_
0042ae60+      PP_Read_
0042aef0+      PPScanLiteral_
0042af30+      PPScanDigits_
0042af50+      PPScanSuffix_
0042af70+      PPScanHexNumber_
0042afb0+      PPScanNumber_
0042b000+      PPScanOther_
0042b080       PP_ScanToken_
0042b290       PP_ScanNextToken_
0042b2f0       PP_Char_
0042b400*      PreprocVarInit_
00448088       _PPCharPtr
0044808c       _PP_File
00448090+      _PPLineBuf
00449092       _PPSavedChar
Module: ppexpr.obj(c:\ow\openwatcom\bld\cpp\ppexpr.c)
0042b4b0*      PPEvalExpr_
0042b4f0       PP_ConstExpr_
0042b560+      PP_Expr1_
0042b5b0+      PP_Expr2_
0042b600+      PP_Expr3_
0042b640+      PP_Expr4_
0042b690+      PP_Expr5_
0042b6d0+      PP_Expr6_
0042b760+      PP_Expr7_
0042b850+      PP_Expr8_
0042b8d0+      PP_Expr9_
0042b930+      PP_Expr10_
0042b9f0+      PP_Expr11_
0042bb20+      PP_AdvanceToken_
0042bb90+      PP_HexNumber_
0042bbf0+      PP_CharConst_
0042bd10+      PP_Constant_
0042bdf0+      PP_Identifier_
Module: ppmacro.obj(c:\ow\openwatcom\bld\cpp\ppmacro.c)
0042bf60+      FreeTokenList_
0042bf80       DeleteNestedMacro_
0042bff0       PPNextToken_
0042c030       NextMToken_
0042c0d0+      PPTrimWhiteSpace_
0042c110+      PPCollectParms_
0042c280*      DumpMTokens_
0042c2b0*      DumpNestedMacros_
0042c2f0+      TokLength_
0042c310+      BuildAToken_
0042c340+      AppendToken_
0042c370+      Expandable_
0042c440+      MacroBeingExpanded_
0042c470+      ExpandNestedMacros_
0042c680+      Glue2Tokens_
0042c740+      GlueTokens_
0042c7d0+      BuildMTokenList_
0042c920+      DuplicateList_
0042c960+      MakeString_
0042c9c0+      BuildString_
0042ca30+      SubstituteParms_
0042cb30+      BuildSpecialToken_
0042cc10+      MacroExpansion_
0042ccf0*      NestedMacroExpansion_
0042cd10       DoMacroExpansion_
0042cd30*      PPMacroVarInit_
00449094+      _MacroDepth
00449098+      _NestedMacros
Module: tmpctl.obj(c:\ow\openwatcom\bld\sdk\rc\rc\c\tmpctl.c)
0042cd40       RegisterTmpFile_
0042cd90       UnregisterTmpFile_
0042cde0       IsTmpFile_
0042ce30*      TmpCtlInitStatics_
Module: autodep.obj(c:\ow\openwatcom\bld\sdk\rc\rc\c\autodep.c)
0042ce70       AddDependency_
0042d000       WriteDependencyRes_
0042d0d0*      AutoDepInitStatics_
Module: rcldstr.obj(c:\ow\openwatcom\bld\sdk\rc\rc\c\rcldstr.c)
0042d0e0       InitRcMsgs_
0042d1b0       GetRcMsg_
0042d1e0       FiniRcMsgs_
Module: rcalloc1.obj(c:\ow\openwatcom\bld\sdk\rc\rc\c\rcalloc1.c)
0042d1f0+      _BlocksPerHeap
0042d200+      _HeapSizes
0042d2a0       RCMemLayer1Init_
0042d2d0       RCMemLayer1Malloc_
0042d340       RCMemLayer1Free_
0042d380       RCMemLayer1ShutDown_
0042d3b0       RCMemLayer1Realloc_
004490d0+      _Heaps
004490e0+      _BigList
Module: rcalloc0.obj(c:\ow\openwatcom\bld\sdk\rc\rc\c\rcalloc0.c)
0042d4f0       RCMemLayer0NewHeap_
0042d520       RCMemLayer0Malloc_
0042d560       RCMemLayer0Free_
0042d570       RCMemLayer0ShutDown_
Module: sharedio.obj(c:\ow\openwatcom\bld\sdk\rc\rc\c\sharedio.c)
0042d630+      closeAResFile_
0042d690       OpenResFiles_
0042d8c0       CloseResFiles_
0042d8e0       WresRecordError_
0042d900       LastWresErrStr_
0042d930       LastWresErr_
0042d950       LastWresStatus_
0042d970*      SharedIOInitStatics_
0042d990       ReportDupResource_
Module: semresfl.obj(c:\ow\openwatcom\bld\sdk\rc\rc\c\semresfl.c)
0042dc10+      copyAResource_
0042dcb0+      copyResourcesFromRes_
0042de30       SemAddResFile_
Module: semutil.obj(c:\ow\openwatcom\bld\sdk\rc\rc\c\semutil.c)
0042dea0       ReportCopyError_
0042df00       CopyData_
Module: leadbyte.obj(c:\ow\openwatcom\bld\sdk\rc\rc\c\leadbyte.c)
0042dfd0       SetNativeLeadBytes_
0042e020       NativeDBStringToUnicode_
Module: c:\ow\openwatcom\rel2/lib386/nt\clib3r.lib(c:\ow\openwatcom\bld\clib\streamio\c\iob.c)
00442a74       ___iob
00442c7c       __fmode
004490f0       ___OpenStreams
004490f4       ___ClosedStreams
Module: c:\ow\openwatcom\bld\sdk\rc\wres/flat386/mf_r/wres.lib(wridfrst.c)
0042e050       WResIDFromStr_
Module: c:\ow\openwatcom\bld\sdk\rc\wres/flat386/mf_r/wres.lib(resnamor.c)
0042e0c0       ResStrToNameOrOrd_
0042e12c       ResNumToNameOrOrd_
Module: c:\ow\openwatcom\bld\sdk\rc\wres/flat386/mf_r/wres.lib(wridfrnu.c)
0042e160       WResIDFromNum_
Module: c:\ow\openwatcom\bld\sdk\rc\wres/flat386/mf_r/wres.lib(wridtnoo.c)
0042e1c0       WResIDToNameOrOrd_
0042e240*      WResHelpIDToNameOrOrd_
Module: c:\ow\openwatcom\rel2/lib386/nt\clib3r.lib(c:\ow\openwatcom\bld\clib\memory\c\memset.c)
0042e2c0       memset_
Module: c:\ow\openwatcom\rel2/lib386/nt\clib3r.lib(c:\ow\openwatcom\bld\clib\char\c\tolower.c)
0042e310       tolower_
Module: c:\ow\openwatcom\rel2/lib386/nt\clib3r.lib(c:\ow\openwatcom\bld\clib\string\c\stricmp.c)
0042e350       stricmp_
Module: c:\ow\openwatcom\rel2/lib386/nt\clib3r.lib(c:\ow\openwatcom\bld\clib\string\c\vsprintf.c)
0042e400       vsprintf_
Module: c:\ow\openwatcom\rel2/lib386/nt\clib3r.lib(c:\ow\openwatcom\bld\clib\string\c\sprintf.c)
0042e450       sprintf_
Module: c:\ow\openwatcom\rel2/lib386/nt\clib3r.lib(c:\ow\openwatcom\bld\clib\char\c\istable.c)
0042e490       __IsTable
Module: c:\ow\openwatcom\rel2/lib386/nt\clib3r.lib(c:\ow\openwatcom\bld\clib\startup\c\exit.c)
0042e591+      __null_int23_exit_
0042e5b1       exit_
0042e610*      _exit_
00442c80+      ___int23_exit
00442c84+      ___FPE_handler_exit
Module: c:\ow\openwatcom\bld\sdk\rc\wres/flat386/mf_r/wres.lib(rclosef.c)
0042e630       ResCloseFile_
Module: c:\ow\openwatcom\rel2/lib386/nt\clib3r.lib(c:\ow\openwatcom\bld\clib\file\c\remove.c)
0042e650       remove_
Module: c:\ow\openwatcom\rel2/lib386/nt\clib3r.lib(c:\ow\openwatcom\bld\clib\streamio\c\vfprintf.c)
0042e680       vfprintf_
Module: c:\ow\openwatcom\rel2/lib386/nt\clib3r.lib(c:\ow\openwatcom\bld\clib\startup\c\errno.c)
0042e6b0       __get_errno_ptr_
0042e6e0*      __get_doserrno_ptr_
Module: c:\ow\openwatcom\rel2/lib386/nt\clib3r.lib(c:\ow\openwatcom\bld\clib\string\c\strerror.c)
0042ea30       strerror_
0042ea80*      _strerror_
0042eb10*      _doserror_
00442c88+      __sys_errlist
00442d2c+      __sys_nerr
Module: c:\ow\openwatcom\bld\sdk\rc\wres/flat386/mf_r/wres.lib(wrfirres.c)
0042eb60       WResFirstResource_
0042eb8c       WResSetEmptyWindow_
0042eba8       WResMakeWindow_
Module: c:\ow\openwatcom\bld\sdk\rc\wres/flat386/mf_r/wres.lib(wrgetli.c)
0042ebc0       WResGetLangInfo_
0042ebd4       WResGetFileInfo_
Module: c:\ow\openwatcom\bld\sdk\rc\wres/flat386/mf_r/wres.lib(wrnextrs.c)
0042ebf0       WResNextResource_
Module: c:\ow\openwatcom\bld\sdk\rc\wres/flat386/mf_r/wres.lib(ralliae.c)
0042ec80       ResAddLLItemAtEnd_
Module: c:\ow\openwatcom\rel2/lib386/nt\clib3r.lib(c:\ow\openwatcom\bld\clib\memory\c\memicmp.c)
0042ecb0       memicmp_
Module: c:\ow\openwatcom\bld\sdk\rc\wres/flat386/mf_r/wres.lib(wrgetti.c)
0042ed50       WResGetTypeInfo_
Module: c:\ow\openwatcom\bld\sdk\rc\wres/flat386/mf_r/wres.lib(wrgetri.c)
0042ed70       WResGetResInfo_
Module: c:\ow\openwatcom\rel2/lib386/nt\clib3r.lib(c:\ow\openwatcom\bld\clib\search\c\qsort.c)
0042ee20       qsort_
Module: c:\ow\openwatcom\rel2/lib386/nt\clib3r.lib(c:\ow\openwatcom\bld\clib\time\c\time.c)
0042f500       time_
Module: c:\ow\openwatcom\bld\sdk\rc\wres/flat386/mf_r/wres.lib(wrisempt.c)
0042f560       WResIsEmpty_
Module: c:\ow\openwatcom\bld\sdk\rc\wres/flat386/mf_r/wres.lib(ropenfro.c)
0042f580       ResOpenFileRO_
Module: c:\ow\openwatcom\rel2/lib386/nt\clib3r.lib(c:\ow\openwatcom\bld\clib\string\c\strncpy.c)
0042f5d0       strncpy_
Module: c:\ow\openwatcom\bld\sdk\rc\wres/flat386/mf_r/wres.lib(wrmergdi.c)
0042f640       WResMergeDirs_
0042f760       WResFreeMergeErrors_
Module: c:\ow\openwatcom\rel2/lib386/nt\clib3r.lib(c:\ow\openwatcom\bld\clib\handleio\c\openwnt.c)
0042f9c0       open_
0042fa10+      sopen_
Module: c:\ow\openwatcom\rel2/lib386/nt\clib3r.lib(c:\ow\openwatcom\bld\clib\handleio\c\write.c)
0042fca0       write_
Module: c:\ow\openwatcom\rel2/lib386/nt\clib3r.lib(c:\ow\openwatcom\bld\clib\handleio\c\close.c)
0042ff60       close_
Module: c:\ow\openwatcom\rel2/lib386/nt\clib3r.lib(c:\ow\openwatcom\bld\clib\handleio\c\read.c)
0042ffc0       read_
Module: c:\ow\openwatcom\bld\sdk\rc\wres/flat386/mf_r/wres.lib(loadfind.c)
004301f8       FindResources_
00442d30       _FileShift
Module: c:\ow\openwatcom\rel2/lib386/nt\clib3r.lib(c:\ow\openwatcom\bld\clib\handleio\c\lseek.c)
00430300       lseek_
Module: c:\ow\openwatcom\rel2/lib386/nt\clib3r.lib(c:\ow\openwatcom\bld\clib\handleio\c\tell.c)
00430380       tell_
Module: c:\ow\openwatcom\rel2/lib386/nt\clib3r.lib(c:\ow\openwatcom\bld\clib\string\c\strtok.c)
004303b0       strtok_
Module: c:\ow\openwatcom\rel2/lib386/nt\clib3r.lib(c:\ow\openwatcom\bld\clib\misc\c\splitpat.c)
00430520       _splitpath_
Module: c:\ow\openwatcom\rel2/lib386/nt\clib3r.lib(c:\ow\openwatcom\bld\clib\misc\c\makepath.c)
00430680       _makepath_
Module: c:\ow\openwatcom\rel2/lib386/nt\clib3r.lib(c:\ow\openwatcom\bld\clib\file\c\accsswnt.c)
00430890       access_
Module: c:\ow\openwatcom\bld\sdk\rc\wres/flat386/mf_r/wres.lib(write.c)
0043092c       ResWriteUint8_
0043095c       ResWriteUint16_
0043098c       ResWriteUint32_
004309bc       WResWriteWResIDNameUni_
00430aa4*      WResWriteWResIDName_
00430ab0*      WResWriteWResID_
00430af8       WResWriteTypeRecord_
00430b3c       WResWriteResRecord_
00430b80       WResWriteLangRecord_
00430bb0       WResWriteHeaderRecord_
00430c20       WResWriteExtHeader_
00430c50       ResWriteStringLen_
00430cd4       ResWriteString_
00430d00       ResWriteNameOrOrdinal_
00430df4       MResWriteResourceHeader_
00430f28*      WriteInitStatics_
00442d34       _ConvToUnicode
Module: c:\ow\openwatcom\rel2/lib386/nt\clib3r.lib(c:\ow\openwatcom\bld\clib\handleio\c\hdlman.c)
00442d38+      ___NHandles
00442d3c+      ___OSHandles
00442d40+      ___FakeHandles
00430f40+      __growPOSIXHandles_
00431000       __allocPOSIXHandle_
004310e0       __freePOSIXHandle_
00431110       __getOSHandle_
00431140       __setOSHandle_
004311d0+      __NTGetFakeHandle_
00431260       __initPOSIXHandles_
00431390*      __set_handles_
004313c0       _grow_handles_
Module: c:\ow\openwatcom\rel2/lib386/nt\clib3r.lib(cstrtwnt)
00431416       _cstart_
00431416*      mainCRTStartup
Module: c:\ow\openwatcom\rel2/lib386/nt\clib3r.lib(c:\ow\openwatcom\bld\clib\startup\c\argcv.c)
004493f8       __argc
004493fc       __argv
00449400       ___argv
00449404       ___argc
Module: c:\ow\openwatcom\rel2/lib386/nt\clib3r.lib(c:\ow\openwatcom\bld\clib\environ\c\getenv.c)
00431480       getenv_
Module: c:\ow\openwatcom\bld\sdk\rc\wres/flat386/mf_r/wres.lib(wrinitdi.c)
00431540       WResInitDir_
Module: c:\ow\openwatcom\bld\sdk\rc\wres/flat386/mf_r/wres.lib(mropnewf.c)
00431580       MResOpenNewFile_
Module: c:\ow\openwatcom\bld\sdk\rc\wres/flat386/mf_r/wres.lib(wropnewf.c)
004315b0       WResOpenNewFile_
Module: c:\ow\openwatcom\rel2/lib386/nt\clib3r.lib(c:\ow\openwatcom\bld\clib\file\c\tmpnm.c)
004316d0       tmpnam_
Module: c:\ow\openwatcom\rel2/lib386/nt\clib3r.lib(c:\ow\openwatcom\bld\clib\file\c\renamwnt.c)
004317d0       rename_
Module: c:\ow\openwatcom\bld\sdk\rc\wres/flat386/mf_r/wres.lib(wrfreedi.c)
00431820       __FreeLangList_
0043184c+      __FreeResList_
00431884       __FreeTypeList_
004318bc       WResFreeDir_
Module: c:\ow\openwatcom\bld\sdk\rc\wres/flat386/mf_r/wres.lib(wrwritdi.c)
00431970       WResWriteDir_
Module: c:\ow\openwatcom\rel2/lib386/nt\clib3r.lib(c:\ow\openwatcom\bld\clib\string\c\strlwr.c)
00431a60       strlwr_
Module: c:\ow\openwatcom\rel2/lib386/nt\clib3r.lib(c:\ow\openwatcom\bld\clib\char\c\toupper.c)
00431ac0       toupper_
Module: c:\ow\openwatcom\bld\sdk\rc\wres/flat386/mf_r/wres.lib(wridnacm.c)
00431b40       WResIDNameCmp_
Module: c:\ow\openwatcom\rel2/lib386/nt\clib3r.lib(c:\ow\openwatcom\bld\clib\search\c\bsearch.c)
00431b90       bsearch_
Module: c:\ow\openwatcom\bld\sdk\rc\wres/flat386/mf_r/wres.lib(varstr.c)
00431c70       VarStringStart_
00431ca4       VarStringAddChar_
00431cfc       VarStringEnd_
Module: c:\ow\openwatcom\rel2/lib386/nt\clib3r.lib(c:\ow\openwatcom\bld\clib\convert\c\ltoa.c)
00431d90       ultoa_
00431e10       ltoa_
Module: c:\ow\openwatcom\rel2/lib386/nt\clib3r.lib(c:\ow\openwatcom\bld\clib\string\c\strstr.c)
00431e70       strstr_
Module: c:\ow\openwatcom\bld\sdk\rc\wres/flat386/mf_r/wres.lib(resaccel.c)
00431f40       ResWriteAccelEntry_
00431f70       ResWriteAccelEntry32_
Module: c:\ow\openwatcom\bld\sdk\rc\wres/flat386/mf_r/wres.lib(restell.c)
00431fa0       ResTell_
Module: c:\ow\openwatcom\bld\sdk\rc\wres/flat386/mf_r/wres.lib(resseek.c)
00431fc0       ResSeek_
00431fe0       ResPadDWord_
Module: c:\ow\openwatcom\bld\sdk\rc\wres/flat386/mf_r/wres.lib(rduint8.c)
00432040       ResReadUint8_
Module: c:\ow\openwatcom\bld\sdk\rc\wres/flat386/mf_r/wres.lib(wridtost.c)
00432090       WResIDToStr_
00432118*      WResHelpIDToStr_
Module: c:\ow\openwatcom\bld\sdk\rc\wres/flat386/mf_r/wres.lib(wraddres.c)
004322f0       WResAddResource_
0043234c       WResAddResource2_
Module: c:\ow\openwatcom\bld\sdk\rc\wres/flat386/mf_r/wres.lib(resdiag.c)
004324a8       ResWriteDialogBoxHeader_
00432554       ResWriteDialogBoxHeader32_
004325dc       ResWriteDialogExHeader32_
004327f0*      ResFreeDialogBoxHeaderPtrs_
00432830*      ResFreeDialogBoxHeader32Ptrs_
00432870*      ResReadDialogBoxHeader32_
0043294c*      ResReadDialogBoxHeader_
00432a28*      ResIsDialogEx_
00432a7c*      ResReadDialogExHeader32_
00432c34       ResWriteDialogBoxControl_
00432cc0       ResWriteDialogBoxControl32_
00432d1c       ResWriteDialogExControl32_
00432f70*      ResReadDialogBoxControl_
00433008*      ResReadDialogBoxControl32_
004330b0*      ResReadDialogExControl32_
0043314c       ResNameOrOrdToControlClass_
004332a0       ResNumToControlClass_
Module: c:\ow\openwatcom\bld\sdk\rc\wres/flat386/mf_r/wres.lib(resmenu.c)
004332f0       ResWriteMenuHeader_
00433320       ResWriteMenuExHeader_
00433384       ResWriteMenuItemPopup_
004333d4       ResWriteMenuExItemPopup_
0043346c       ResWriteMenuItemNormal_
004334d0       ResWriteMenuExItemNormal_
00433558*      ResWriteMenuItem_
0043357c+      ResReadMenuHeader_
004335bc*      ResReadMenuExtraBytes_
004335f8*      ResIsMenuEx_
00433624*      ResIsHeaderMenuEx_
00433630*      ResReadMenuExItem_
00433710*      ResReadMenuItem_
00433790*      ResReadMenuItem32_
00433810*      ResNewMenuItem_
0043384c*      ResFreeMenuItem_
Module: c:\ow\openwatcom\bld\sdk\rc\wres/flat386/mf_r/wres.lib(resver.c)
00433890       ResWriteVerBlockHeader_
00433900       ResSizeVerBlockHeader_
00433960       ResWriteVerValueItem_
00433a18       ResSizeVerValueItem_
00433a68       ResWriteVerFixedInfo_
Module: c:\ow\openwatcom\bld\sdk\rc\wres/flat386/mf_r/wres.lib(restbar.c)
00433ac0       ResWriteToolBarHeader_
00433b1c       ResWriteToolBarItems_
Module: c:\ow\openwatcom\bld\sdk\rc\wres/flat386/mf_r/wres.lib(resfont.c)
00433b40       ResWriteFontInfo_
00433b70       ResWriteFontDirEntry_
Module: c:\ow\openwatcom\bld\sdk\rc\wres/flat386/mf_r/wres.lib(rrdstr.c)
00433ba0       ResReadString_
00433c10       ResRead32String_
Module: c:\ow\openwatcom\bld\sdk\rc\wres/flat386/mf_r/wres.lib(resstr.c)
00433c90       ResInitStringTableBlock_
00433ca8       ResFreeStringTableBlock_
00433cd0       ResWriteStringTableBlock_
Module: c:\ow\openwatcom\bld\sdk\rc\wres/flat386/mf_r/wres.lib(wridnfst.c)
00433d10       WResIDNameFromStr_
Module: c:\ow\openwatcom\bld\sdk\rc\wres/flat386/mf_r/wres.lib(rdlli.c)
00433d70       ResDeleteLLItem_
Module: c:\ow\openwatcom\bld\sdk\rc\wres/flat386/mf_r/wres.lib(resraw.c)
00433db0       ResWrite_
Module: c:\ow\openwatcom\bld\sdk\rc\wres/flat386/mf_r/wres.lib(resbitmp.c)
00433de0       ResWriteBitmapInfoHeader_
Module: c:\ow\openwatcom\bld\sdk\rc\wres/flat386/mf_r/wres.lib(resiccu.c)
00433e10       ResWriteIconCurDirHeader_
00433e40*      ResReadIconCurDirHeader_
00433e80       ResWriteIconDirEntry_
00433eb0*      ResReadIconDirEntry_
00433ef0       ResWriteCurDirEntry_
00433f20*      ResReadCurDirEntry_
00433f60       ResWriteCurHotspot_
Module: c:\ow\openwatcom\rel2/lib386/nt\clib3r.lib(c:\ow\openwatcom\bld\clib\environ\c\searchen.c)
00433f90       _searchenv_
Module: c:\ow\openwatcom\rel2/lib386/nt\clib3r.lib(c:\ow\openwatcom\bld\clib\string\a\cmp386.asm)
00434180       strcmp_
Module: c:\ow\openwatcom\rel2/lib386/nt\clib3r.lib(c:\ow\openwatcom\bld\clib\time\c\localtim.c)
004342c0+      _localtime_
00434340       localtime_
Module: c:\ow\openwatcom\rel2/lib386/nt\clib3r.lib(c:\ow\openwatcom\bld\clib\streamio\c\printf.c)
00434380       printf_
Module: c:\ow\openwatcom\rel2/lib386/nt\clib3r.lib(c:\ow\openwatcom\bld\clib\streamio\c\fflush.c)
004343c0       fflush_
Module: c:\ow\openwatcom\rel2/lib386/nt\clib3r.lib(c:\ow\openwatcom\bld\clib\misc\c\fullpath.c)
00434410+      _sys_fullpath_
004344b0       _fullpath_
Module: c:\ow\openwatcom\rel2/lib386/nt\clib3r.lib(c:\ow\openwatcom\bld\clib\file\c\statwnt.c)
004346ca       stat_
Module: c:\ow\openwatcom\rel2/lib386/nt\clib3r.lib(c:\ow\openwatcom\bld\clib\startup\c\cmdname.c)
004349d0       _cmdname_
Module: c:\ow\openwatcom\bld\sdk\rc\wres/flat386/mf_r/wres.lib(loadstr.c)
00434b38+      WResLoadString2_
00434be8       WResLoadString_
00434c00       OpenResFile_
00434c10+      InitResources2_
00434c38       InitResources_
00434c48*      CloseResFile2_
00434c54       CloseResFile_
00434c6c*      LoadstrInitStatics_
00449418+      _MainDir
Module: c:\ow\openwatcom\rel2/lib386/nt\clib3r.lib(c:\ow\openwatcom\bld\clib\mbyte\c\wrlang.c)
00434ca0       _WResLanguage_
Module: c:\ow\openwatcom\rel2/lib386/nt\clib3r.lib(c:\ow\openwatcom\bld\clib\heap\c\nfree.c)
00434d70       free_
00434da0       _nfree_
0044941c       ___MiniHeapFreeRover
Module: c:\ow\openwatcom\rel2/lib386/nt\clib3r.lib(c:\ow\openwatcom\bld\clib\heap\c\nmalloc.c)
00434f80       malloc_
00434fb0       _nmalloc_
00442d4c       ___nheapbeg
00442d50       ___MiniHeapRover
00442d54       ___LargestSizeB4MiniHeapRover
Module: c:\ow\openwatcom\rel2/lib386/nt\clib3r.lib(c:\ow\openwatcom\bld\clib\heap\c\nrealloc.c)
00435100       realloc_
00435130+      _nrealloc_
Module: c:\ow\openwatcom\bld\sdk\rc\wres/flat386/mf_r/wres.lib(wrreaddi.c)
00435918       WResReadDir_
00435924       WResReadDir2_
Module: c:\ow\openwatcom\bld\sdk\rc\wres/flat386/mf_r/wres.lib(wrdelrs.c)
00435aa0       WResDelResource_
Module: c:\ow\openwatcom\bld\sdk\rc\wres/flat386/mf_r/wres.lib(wridfree.c)
00435ae0       WResIDFree_
Module: c:\ow\openwatcom\rel2/lib386/nt\clib3r.lib(c:\ow\openwatcom\bld\clib\convert\c\itoa.c)
00435af0+      utoa_
00435b70       itoa_
Module: c:\ow\openwatcom\rel2/lib386/nt\clib3r.lib(c:\ow\openwatcom\bld\clib\streamio\c\initfile.c)
00435c00       __InitFiles_
Module: c:\ow\openwatcom\rel2/lib386/nt\clib3r.lib(c:\ow\openwatcom\bld\clib\startup\c\ioexit.c)
00435da0*      fcloseall_
00435dd0       __full_io_exit_
Module: c:\ow\openwatcom\bld\sdk\rc\wres/flat386/mf_r/wres.lib(wriidfn.c)
00435e00       WResInitIDFromNum_
Module: c:\ow\openwatcom\rel2/lib386/nt\clib3r.lib(c:\ow\openwatcom\bld\clib\streamio\c\prtf.c)
00435e10       __prtf_
Module: c:\ow\openwatcom\rel2/lib386/nt\clib3r.lib(c:\ow\openwatcom\bld\clib\startup\c\mainwnt.c)
00442d58+      ___TlsIndex
00442d5c+      ___FirstThreadData
00442d60       ___GetThreadPtr
00442d64       __AccessFileH
00442d68       __ReleaseFileH
00442d6c       __AccessIOB
00442d70       __ReleaseIOB
00442d74       __AccessNHeap
00442d78+      __AccessFHeap
00442d7c       __ReleaseNHeap
00436fb0*      __threadid_
004370b0+      __sig_null_rtn_
004370d0+      __NTInit_
00437360+      __NTFini_
004373d0       __NTMainInit_
00437440       __exit_
00442d80+      __ReleaseFHeap
00442d84+      __AccessTDList
00442d88+      __ReleaseTDList
00442d8c       __AccessFList
00442d90       __ReleaseFList
00442d94+      __ThreadExitRtn
00442d98       ___sig_init_rtn
00442d9c       ___sig_fini_rtn
00442da0       ___process_fini
00449428       ___Is_DLL
Module: c:\ow\openwatcom\rel2/lib386/nt\clib3r.lib(c:\ow\openwatcom\bld\clib\startup\c\initrtns.c)
004374d0       __InitRtns
00437560       __FiniRtns
Module: c:\ow\openwatcom\rel2/lib386/nt\clib3r.lib(c:\ow\openwatcom\bld\clib\handleio\c\unlnkwnt.c)
00437600       unlink_
Module: c:\ow\openwatcom\rel2/lib386/nt\clib3r.lib(c:\ow\openwatcom\bld\clib\streamio\c\fprtf.c)
00437670       __fprtf_
Module: c:\ow\openwatcom\rel2/lib386/nt\clib3r.lib(c:\ow\openwatcom\bld\clib\string\c\strcat.c)
00437790       strcat_
Module: c:\ow\openwatcom\rel2/lib386/nt\clib3r.lib(c:\ow\openwatcom\bld\clib\time\c\gtctmwnt.c)
004377e0       __getctime_
Module: c:\ow\openwatcom\rel2/lib386/nt\clib3r.lib(c:\ow\openwatcom\bld\clib\time\c\mktime.c)
00437870       mktime_
Module: c:\ow\openwatcom\rel2/lib386/nt\clib3r.lib(c:\ow\openwatcom\bld\clib\handleio\c\setmd.c)
00437910       setmode_
Module: c:\ow\openwatcom\rel2/lib386/nt\clib3r.lib(c:\ow\openwatcom\bld\clib\streamio\c\ntfio.c)
00437a60*      __GetNTCreateAttr_
00437ad0       __GetNTAccessAttr_
00437b40       __GetNTShareAttr_
Module: c:\ow\openwatcom\rel2/lib386/nt\clib3r.lib(c:\ow\openwatcom\bld\clib\handleio\c\umaskval.c)
00442da4       ___umaskval
Module: c:\ow\openwatcom\rel2/lib386/nt\clib3r.lib(c:\ow\openwatcom\bld\clib\_dos\c\dosret.c)
00437be0*      _dosretax_
00437c20*      _dosret0_
00437c60       __set_errno_dos_
00437cb0*      __set_errno_dos_reterr_
00437ce0       __set_errno_nt_
00437d10*      __set_errno_nt_reterr_
Module: c:\ow\openwatcom\rel2/lib386/nt\clib3r.lib(c:\ow\openwatcom\bld\clib\environ\c\isattwnt.c)
00437d50       isatty_
Module: c:\ow\openwatcom\rel2/lib386/nt\clib3r.lib(c:\ow\openwatcom\bld\clib\handleio\c\stiomode.c)
00437da0       __grow_iomode_
00437e60+      __shrink_iomode_
00437eb0       __SetIOMode_
Module: c:\ow\openwatcom\rel2/lib386/nt\clib3r.lib(c:\ow\openwatcom\bld\clib\startup\c\seterrno.c)
00437f56       __set_errno_
00437f77*      __set_EDOM_
00437f9c*      __set_ERANGE_
00437fc1*      __set_EINVAL_
00437ff0       __set_doserrno_
Module: c:\ow\openwatcom\rel2/lib386/nt\clib3r.lib(c:\ow\openwatcom\bld\clib\handleio\c\iomode.c)
00438020       __GetIOMode_
00438070       __SetIOMode_nogrow_
00442eac       ___NFiles
00442eb0       ___init_mode
00442f00       ___io_mode
Module: c:\ow\openwatcom\rel2/lib386/nt\clib3r.lib(c:\ow\openwatcom\bld\clib\startup\c\stackwnt.c)
004380b0       stackavail_
Module: c:\ow\openwatcom\rel2/lib386/nt\clib3r.lib(c:\ow\openwatcom\bld\clib\startup\a\stkwnt.asm)
004380dd*      __CHK
004380ed*      __STK
0043810c       __STKOVERFLOW_
0043811c       __GRO
0043813c*      __alloca_probe
Module: c:\ow\openwatcom\rel2/lib386/nt\clib3r.lib(c:\ow\openwatcom\bld\clib\handleio\c\_clsewnt.c)
00438150       __close_
Module: c:\ow\openwatcom\rel2/lib386/nt\clib3r.lib(c:\ow\openwatcom\bld\clib\handleio\c\iomodtty.c)
004381e0       __ChkTTYIOMode_
00438250*      __IOMode_
Module: c:\ow\openwatcom\rel2/lib386/nt\clib3r.lib(c:\ow\openwatcom\bld\clib\handleio\c\__lseek.c)
00438280       __lseek_
Module: c:\ow\openwatcom\rel2/lib386/nt\clib3r.lib(c:\ow\openwatcom\bld\clib\string\c\setbits.c)
00438300       __setbits_
Module: c:\ow\openwatcom\rel2/lib386/nt\clib3r.lib(c:\ow\openwatcom\bld\clib\string\c\bits.c)
00438360       __Bits
Module: c:\ow\openwatcom\rel2/lib386/nt\clib3r.lib(c:\ow\openwatcom\bld\clib\mbyte\c\mbsnccnt.c)
00438370       _mbsnccnt_
Module: c:\ow\openwatcom\rel2/lib386/nt\clib3r.lib(c:\ow\openwatcom\bld\clib\mbyte\c\mbsncpy.c)
004383e0       _mbsncpy_
Module: c:\ow\openwatcom\rel2/lib386/nt\clib3r.lib(c:\ow\openwatcom\bld\clib\mbyte\c\mbsnbcnt.c)
00438420       _mbsnbcnt_
Module: c:\ow\openwatcom\rel2/lib386/nt\clib3r.lib(c:\ow\openwatcom\bld\clib\mbyte\c\mbsnextc.c)
004384e0       _mbsnextc_
Module: c:\ow\openwatcom\rel2/lib386/nt\clib3r.lib(c:\ow\openwatcom\bld\clib\mbyte\c\mbsinc.c)
00438550       _mbsinc_
Module: c:\ow\openwatcom\rel2/lib386/nt\clib3r.lib(c:\ow\openwatcom\bld\clib\string\c\strcpy.c)
004385c0       strcpy_
Module: c:\ow\openwatcom\rel2/lib386/nt\clib3r.lib(c:\ow\openwatcom\bld\clib\string\c\strlen.c)
00438610       strlen_
Module: c:\ow\openwatcom\rel2/lib386/nt\clib3r.lib(c:\ow\openwatcom\bld\clib\mbyte\c\mbconv.c)
00438650       _mbvtop_
Module: c:\ow\openwatcom\rel2/lib386/nt\clib3r.lib(c:\ow\openwatcom\bld\clib\mbyte\c\mbclen.c)
004386a0       _mbclen_
Module: c:\ow\openwatcom\rel2/lib386/nt\clib3r.lib(c:\ow\openwatcom\bld\clib\mbyte\c\mbsdec.c)
00438710       _mbsdec_
Module: c:\ow\openwatcom\rel2/lib386/nt\clib3r.lib(c:\ow\openwatcom\bld\clib\libwin32\c\fgtattr.c)
004387f0       __fixed_GetFileAttributesA_
Module: c:\ow\openwatcom\rel2/lib386/nt\clib3r.lib(c:\ow\openwatcom\bld\clib\startup\c\main2wnt.c)
004388a0       __NTMain
Module: c:\ow\openwatcom\rel2/lib386/nt\clib3r.lib(segdefns)
00401003       ___begtext
00442000*      __nullarea
00443210       __Start_XI
00443234       __End_XI
00443234       __Start_YI
00443252       __End_YI
Module: c:\ow\openwatcom\rel2/lib386/nt\clib3r.lib(c:\ow\openwatcom\bld\clib\startup\c\initargv.c)
00438910       __Init_Argv_
00438980+      _getargv_
00438bf0       __Fini_Argv_
Module: c:\ow\openwatcom\rel2/lib386/nt\clib3r.lib(c:\ow\openwatcom\bld\clib\environ\c\environ.c)
00449a4c       ___env_mask
00449a50       _environ
00449a54       __wenviron
Module: c:\ow\openwatcom\rel2/lib386/nt\clib3r.lib(c:\ow\openwatcom\bld\clib\mbyte\c\mbterm.c)
00438c20       _mbterm_
Module: c:\ow\openwatcom\rel2/lib386/nt\clib3r.lib(c:\ow\openwatcom\bld\clib\mbyte\c\mbcupper.c)
00438ca0       _mbctoupper_
Module: c:\ow\openwatcom\bld\sdk\rc\wres/flat386/mf_r/wres.lib(wrfilein.c)
00438cf0       WResFileInit_
Module: c:\ow\openwatcom\rel2/lib386/nt\clib3r.lib(c:\ow\openwatcom\bld\clib\environ\c\gtpidwnt.c)
00438db0       getpid_
Module: c:\ow\openwatcom\rel2/lib386/nt\clib3r.lib(c:\ow\openwatcom\bld\clib\convert\c\alphabet.c)
00442004       ___Alphabet
Module: c:\ow\openwatcom\rel2/lib386/nt\clib3r.lib(c:\ow\openwatcom\bld\clib\string\c\strchr.c)
00438de0       strchr_
Module: c:\ow\openwatcom\rel2/lib386/nt\clib3r.lib(c:\ow\openwatcom\bld\clib\memory\c\memchr.c)
00438e30       memchr_
Module: c:\ow\openwatcom\rel2/lib386/nt\clib3r.lib(c:\ow\openwatcom\bld\clib\memory\c\memcmp.c)
00438e90       memcmp_
Module: c:\ow\openwatcom\bld\sdk\rc\wres/flat386/mf_r/wres.lib(wridexby.c)
00438f00       WResIDExtraBytes_
Module: c:\ow\openwatcom\bld\sdk\rc\wres/flat386/mf_r/wres.lib(wrfindrs.c)
00438f10       __FindType_
00438f34       __FindRes_
00438f58       __FindLang_
00438f94       WResFindResource_
Module: c:\ow\openwatcom\bld\sdk\rc\wres/flat386/mf_r/wres.lib(rrnamoor.c)
00439020       ResReadNameOrOrdinal_
00439108       ResRead32NameOrOrdinal_
Module: c:\ow\openwatcom\bld\sdk\rc\wres/flat386/mf_r/wres.lib(rduint16.c)
004391f0       ResReadUint16_
Module: c:\ow\openwatcom\bld\sdk\rc\wres/flat386/mf_r/wres.lib(rduint32.c)
00439240       ResReadUint32_
Module: c:\ow\openwatcom\rel2/lib386/nt\clib3r.lib(c:\ow\openwatcom\bld\clib\direct\c\gtcwdwnt.c)
00439290       getcwd_
Module: c:\ow\openwatcom\rel2/lib386/nt\clib3r.lib(c:\ow\openwatcom\bld\clib\string\c\strncat.c)
00439360       strncat_
Module: c:\ow\openwatcom\rel2/lib386/nt\clib3r.lib(c:\ow\openwatcom\bld\clib\time\c\tzset.c)
00442f14       ___start_dst
00442f38       ___end_dst
00443060+      _tzname
00443068       _timezone
0044306c       _daylight
00443070       ___dst_adjust
00439420*      __DontCacheOSTZ_
00439460*      __CacheOSTZ_
00439aa0+      __parse_tz_
00439f20       tzset_
Module: c:\ow\openwatcom\rel2/lib386/nt\clib3r.lib(c:\ow\openwatcom\bld\clib\time\c\gmtime.c)
00439fd0       __brktime_
0043a150+      _gmtime_
0043a190*      gmtime_
Module: c:\ow\openwatcom\rel2/lib386/nt\clib3r.lib(c:\ow\openwatcom\bld\clib\time\c\timeutil.c)
0043a3b0       __isindst_
Module: c:\ow\openwatcom\rel2/lib386/nt\clib3r.lib(c:\ow\openwatcom\bld\clib\streamio\c\flushall.c)
0043a860+      __flushall_
0043a8e0       flushall_
Module: c:\ow\openwatcom\rel2/lib386/nt\clib3r.lib(c:\ow\openwatcom\bld\clib\streamio\c\flush.c)
0043a910       __flush_
Module: c:\ow\openwatcom\rel2/lib386/nt\clib3r.lib(crwdata)
004430bc       __osmajor
004430bd       __osminor
004430be       __osbuild
004430c0       __osver
004430c4       __winmajor
004430c8       __winminor
004430cc       __winver
00443088       __LpDllName
0044308c       __LpwCmdLine
00443090       __LpwPgmName
00443094       __LpwDllName
00443080       __LpCmdLine
00443084       __LpPgmName
00443078*      __dynend
0044307c       __curbrk
00443098*      __STACKLOW
0044309c       __STACKTOP
004430a0       __ASTACKSIZ
004430a4       __ASTACKPTR
004430a8*      __cbyte
004430ac*      __cbyte2
004430b0*      __child
004430b6       __Envptr
004430ba*      __Envseg
004430b4*      __no87
004430d0       ___FPE_handler
Module: c:\ow\openwatcom\rel2/lib386/nt\clib3r.lib(c:\ow\openwatcom\bld\clib\mbyte\c\mbspbrk.c)
0043aaa0       _mbspbrk_
Module: c:\ow\openwatcom\rel2/lib386/nt\clib3r.lib(c:\ow\openwatcom\bld\clib\direct\c\ntdirinf.c)
0043ab00       __MakeDOSDT_
0043ab40*      __FromDOSDT_
0043ab90*      __GetNTDirInfo_
0043ac00*      __NTFindNextFileWithAttr_
Module: c:\ow\openwatcom\rel2/lib386/nt\clib3r.lib(c:\ow\openwatcom\bld\clib\handleio\c\d2ttime.c)
0043aca0       _d2ttime_
Module: c:\ow\openwatcom\rel2/lib386/nt\clib3r.lib(c:\ow\openwatcom\bld\clib\heap\c\mem.c)
0043ad40       __MemAllocator
0043aef0       __MemFree
Module: c:\ow\openwatcom\rel2/lib386/nt\clib3r.lib(c:\ow\openwatcom\bld\clib\heap\c\grownear.c)
0043b490       __ExpandDGROUP_
Module: c:\ow\openwatcom\rel2/lib386/nt\clib3r.lib(c:\ow\openwatcom\bld\clib\heap\c\nmemneed.c)
0043b4c0       __nmemneed_
Module: c:\ow\openwatcom\rel2/lib386/nt\clib3r.lib(c:\ow\openwatcom\bld\clib\heap\c\nmsize.c)
0043b4f0*      _msize_
0043b530       _nmsize_
Module: c:\ow\openwatcom\rel2/lib386/nt\clib3r.lib(c:\ow\openwatcom\bld\clib\heap\c\nexpand.c)
0043b570*      _expand_
0043b5a0+      __HeapManager_expand_
0043b810       _nexpand_
Module: c:\ow\openwatcom\bld\sdk\rc\wres/flat386/mf_r/wres.lib(wrrfrr.c)
0043b8b0       WResReadFixedResRecord_
0043b8f0       WResReadFixedResRecord1_
0043b930       WResReadFixedResRecord2_
Module: c:\ow\openwatcom\bld\sdk\rc\wres/flat386/mf_r/wres.lib(wrrewrid.c)
0043b9b0       WResReadExtraWResID_
Module: c:\ow\openwatcom\bld\sdk\rc\wres/flat386/mf_r/wres.lib(wrrftr.c)
0043ba10       WResReadFixedTypeRecord_
0043ba58       WResReadFixedTypeRecord2_
Module: c:\ow\openwatcom\bld\sdk\rc\wres/flat386/mf_r/wres.lib(wrrhr.c)
0043bad0       WResReadHeaderRecord_
0043bb48       WResReadExtHeader_
Module: c:\ow\openwatcom\bld\sdk\rc\wres/flat386/mf_r/wres.lib(mrrdrh.c)
0043bb90       M32ResReadResourceHeader_
0043bcfc       MResReadResourceHeader_
Module: c:\ow\openwatcom\bld\sdk\rc\wres/flat386/mf_r/wres.lib(wrfree.c)
0043bda0       MResFreeResourceHeader_
Module: c:\ow\openwatcom\bld\sdk\rc\wres/flat386/mf_r/wres.lib(wridfnoo.c)
0043bde0       WResIDFromNameOrOrd_
Module: c:\ow\openwatcom\bld\sdk\rc\wres/flat386/mf_r/wres.lib(wriswrf.c)
0043be00       WResFindResType_
0043be98*      WResIsWResFile_
Module: c:\ow\openwatcom\rel2/lib386/nt\clib3r.lib(c:\ow\openwatcom\bld\clib\startup\c\xmsgwnt.c)
0043beb0+      __exit_with_msg_
0043bf30       __fatal_runtime_error_
Module: c:\ow\openwatcom\rel2/lib386/nt\clib3r.lib(c:\ow\openwatcom\bld\clib\streamio\c\fclose.c)
0043bf70+      __doclose_
0043c050       __shutdown_stream_
0043c090*      fclose_
00449a58+      ___RmTmpFileFn
Module: c:\ow\openwatcom\rel2/lib386/nt\clib3r.lib(c:\ow\openwatcom\bld\clib\streamio\c\freefp.c)
0043c100       __freefp_
0043c180       __purgefp_
Module: c:\ow\openwatcom\rel2/lib386/nt\clib3r.lib(c:\ow\openwatcom\bld\clib\mbyte\c\wctomb.c)
0043c1d0       wctomb_
Module: c:\ow\openwatcom\rel2/lib386/nt\clib3r.lib(c:\ow\openwatcom\bld\clib\streamio\c\noefgfmt.c)
004430d4       ___EFG_printf
004430d8+      ___EFG_scanf
Module: c:\ow\openwatcom\rel2/lib386/nt\clib3r.lib(c:\ow\openwatcom\bld\clib\convert\c\lltoa.c)
0043c2a0       ulltoa_
0043c340*      lltoa_
Module: c:\ow\openwatcom\rel2/lib386/nt\clib3r.lib(c:\ow\openwatcom\bld\clib\string\c\strupr.c)
0043c3b0       strupr_
Module: c:\ow\openwatcom\rel2/lib386/nt\clib3r.lib(c:\ow\openwatcom\bld\clib\mbyte\c\mbisdbcs.c)
00449a5c       ___IsDBCS
Module: c:\ow\openwatcom\rel2/lib386/nt\clib3r.lib(c:\ow\openwatcom\bld\clib\mbyte\c\mbislead.c)
0043c410*      _ismbblead_
00449a60       ___MBCSIsTable
Module: c:\ow\openwatcom\rel2/lib386/nt\clib3r.lib(c:\ow\openwatcom\bld\clib\libwin32\c\getmodfn.c)
0043c460       __lib_GetModuleFileNameW_
Module: c:\ow\openwatcom\rel2/lib386/nt\clib3r.lib(c:\ow\openwatcom\bld\clib\string\c\strdup.c)
0043c540       __clib_strdup_
Module: c:\ow\openwatcom\rel2/lib386/nt\clib3r.lib(c:\ow\openwatcom\bld\clib\string\c\ustrdup.c)
0043c58e       __clib_wcsdup_
Module: c:\ow\openwatcom\rel2/lib386/nt\clib3r.lib(c:\ow\openwatcom\bld\clib\process\c\excptwnt.c)
0043ccc0+      ___ReportException@4
0043d320       __DefaultExceptionHandler_
0043d360+      ___ExceptionFilter
0043d610       __NewExceptionFilter_
0043d660       __DoneExceptionFilter_
004430dc       ___oscode_check_func
004430e0       ___raise_func
00449b64+      _sw
00449b68+      ___ExceptionHandled
00449b69+      ___ReportInvoked
Module: c:\ow\openwatcom\rel2/lib386/nt\clib3r.lib(c:\ow\openwatcom\bld\clib\startup\c\stklmwnt.c)
0043d6a0       __init_stack_limits_
Module: c:\ow\openwatcom\rel2/lib386/nt\clib3r.lib(c:\ow\openwatcom\bld\clib\streamio\c\fputc.c)
0043d730       fputc_
Module: c:\ow\openwatcom\rel2/lib386/nt\clib3r.lib(c:\ow\openwatcom\bld\clib\streamio\c\ioalloc.c)
0043d8b0       __ioalloc_
Module: c:\ow\openwatcom\rel2/lib386/nt\clib3r.lib(c:\ow\openwatcom\bld\clib\time\c\locmktim.c)
0043d980       __local_mktime_
Module: c:\ow\openwatcom\rel2/lib386/nt\clib3r.lib(c:\ow\openwatcom\bld\clib\memory\c\memcpy.c)
0043db20       memcpy_
Module: c:\ow\openwatcom\rel2/lib386/nt\clib3r.lib(c:\ow\openwatcom\bld\clib\mbyte\c\mbsnbcpy.c)
0043db70       _mbsnbcpy_
Module: c:\ow\openwatcom\rel2/lib386/nt\clib3r.lib(c:\ow\openwatcom\bld\clib\mthread\c\mthrdini.c)
0043dc20       __InitThreadData_
004430f8       ___ThreadDataSize
Module: c:\ow\openwatcom\rel2/lib386/nt\clib3r.lib(c:\ow\openwatcom\bld\clib\startup\c\cmain386.c)
0043dc70       __CMain
Module: c:\ow\openwatcom\rel2/lib386/nt\clib3r.lib(dosseg)
00001234       __DOSseg__
Module: c:\ow\openwatcom\rel2/lib386/nt\clib3r.lib(c:\ow\openwatcom\bld\clib\startup\c\histsplt.c)
00449b6c       ___historical_splitparms
Module: c:\ow\openwatcom\rel2/lib386/nt\clib3r.lib(c:\ow\openwatcom\bld\clib\startup\c\___argc.c)
00449b70       ____Argc
00449b74       ____Argv
Module: c:\ow\openwatcom\rel2/lib386/nt\clib3r.lib(c:\ow\openwatcom\bld\clib\environ\c\setenvp.c)
0043dcc0       __setenvp_
0043ddf0       __freeenvp_
Module: c:\ow\openwatcom\bld\sdk\rc\wres/flat386/mf_r/wres.lib(wridcmp.c)
0043de50       WResIDCmp_
Module: c:\ow\openwatcom\rel2/lib386/nt\clib3r.lib(c:\ow\openwatcom\bld\clib\time\c\leapyear.c)
0043de90       __leapyear_
0044202c       ___diyr
00442046       ___dilyr
Module: c:\ow\openwatcom\rel2/lib386/nt\clib3r.lib(c:\ow\openwatcom\bld\clib\mbyte\c\wcstombs.c)
0043df00       wcstombs_
Module: c:\ow\openwatcom\rel2/lib386/nt\clib3r.lib(c:\ow\openwatcom\bld\clib\handleio\c\qwrit.c)
0043e000       __qwrite_
Module: c:\ow\openwatcom\rel2/lib386/nt\clib3r.lib(c:\ow\openwatcom\bld\clib\handleio\c\fsync.c)
0043e110       fsync_
Module: c:\ow\openwatcom\rel2/lib386/nt\clib3r.lib(c:\ow\openwatcom\bld\clib\mbyte\c\mbschr.c)
0043e180       _mbschr_
Module: c:\ow\openwatcom\rel2/lib386/nt\clib3r.lib(c:\ow\openwatcom\bld\clib\heap\c\amblksiz.c)
004430fc       __amblksiz
Module: c:\ow\openwatcom\rel2/lib386/nt\clib3r.lib(c:\ow\openwatcom\bld\clib\heap\c\heapen.c)
0043e210*      _heapenable_
00443100       ___heap_enabled
Module: c:\ow\openwatcom\rel2/lib386/nt\clib3r.lib(c:\ow\openwatcom\bld\clib\heap\c\nheapmin.c)
0043e250*      _heapshrink_
0043e280*      _heapmin_
0043e2b0*      _nheapmin_
0043e3f0       _nheapshrink_
Module: c:\ow\openwatcom\rel2/lib386/nt\clib3r.lib(c:\ow\openwatcom\bld\clib\startup\c\enterdb.c)
0043e460       __EnterWVIDEO_
00443104+      ___WD_Present
Module: c:\ow\openwatcom\rel2/lib386/nt\clib3r.lib(c:\ow\openwatcom\bld\clib\mbyte\c\mbinit.c)
0043e516       __mbinit_
00443108       ___MBCodePage
Module: c:\ow\openwatcom\rel2/lib386/nt\clib3r.lib(c:\ow\openwatcom\bld\clib\string\c\ustrlen.c)
0043e664       wcslen_
Module: c:\ow\openwatcom\rel2/lib386/nt\clib3r.lib(c:\ow\openwatcom\bld\clib\conio\c\conutwnt.c)
0043e6b0*      __NTRealKey_
0043e7a0*      __NTConsoleInput_
0043e7d0       __NTConsoleOutput_
Module: c:\ow\openwatcom\rel2/lib386/nt\clib3r.lib(c:\ow\openwatcom\bld\clib\fpu\c\fclex387.c)
0043e800       _ClearFPE_
Module: c:\ow\openwatcom\rel2/lib386/nt\clib3r.lib(c:\ow\openwatcom\bld\clib\process\c\signlwnt.c)
00443114+      __SignalTable
0043e820+      __SetSignalFunc_
0043e8a0+      __GetSignalFunc_
0043e8f0+      __GetSignalOSCode_
0043e940+      __CheckSignalExCode_
0043eb40+      __sigabort_
0043eb70       __sigfpe_handler_
0043ebf0*      signal_
0043eca0+      raise_
0043ed50+      __SigInit_
0043edb0+      __SigFini_
0043ee00+      __sig_init_
Module: c:\ow\openwatcom\rel2/lib386/nt\clib3r.lib(c:\ow\openwatcom\bld\clib\streamio\c\chktty.c)
0043ee40       __chktty_
Module: c:\ow\openwatcom\rel2/lib386/nt\clib3r.lib(c:\ow\openwatcom\bld\clib\startup\c\cinit.c)
0043ee90       __CommonInit_
Module: c:\ow\openwatcom\rel2/lib386/nt\clib3r.lib(c:\ow\openwatcom\bld\clib\handleio\c\dofilstr.c)
0043eed0       __ParsePosixHandleStr_
Module: c:\ow\openwatcom\rel2/lib386/nt\clib3r.lib(c:\ow\openwatcom\bld\clib\environ\c\clearenv.c)
0043f020       clearenv_
Module: c:\ow\openwatcom\rel2/lib386/nt\clib3r.lib(c:\ow\openwatcom\bld\clib\mbyte\c\mbccmp.c)
0043f100       _mbccmp_
Module: c:\ow\openwatcom\rel2/lib386/nt\clib3r.lib(c:\ow\openwatcom\bld\clib\startup\c\abort.c)
0043f1a3*      abort_
0043f1cb       __terminate_
00443180       ___abort
Module: c:\ow\openwatcom\rel2/lib386/nt\clib3r.lib(c:\ow\openwatcom\bld\clib\convert\c\strtol.c)
0043f480*      strtoul_
0043f4c0       strtol_
Module: c:\ow\openwatcom\rel2/lib386/nt\clib3r.lib(c:\ow\openwatcom\bld\clib\environ\c\putenv.c)
0043f500       putenv_
0043f850       __putenv_
Module: c:\ow\openwatcom\rel2/lib386/nt\clib3r.lib(c:\ow\openwatcom\bld\clib\mbyte\c\mbslen.c)
0043fa80       _mbslen_
Module: c:\ow\openwatcom\rel2/lib386/nt\clib3r.lib(c:\ow\openwatcom\bld\clib\mbyte\c\mbstowcs.c)
0043fad0       mbstowcs_
Module: c:\ow\openwatcom\rel2/lib386/nt\clib3r.lib(c:\ow\openwatcom\bld\clib\environ\c\uputenv.c)
0043fbb0*      _wputenv_
0043feb0       __wputenv_
Module: c:\ow\openwatcom\rel2/lib386/nt\clib3r.lib(c:\ow\openwatcom\bld\clib\memory\c\memmove.c)
00440040       memmove_
Module: c:\ow\openwatcom\rel2/lib386/nt\clib3r.lib(c:\ow\openwatcom\bld\clib\mbyte\c\mbtowc.c)
004400f0       mbtowc_
Module: c:\ow\openwatcom\rel2/lib386/nt\clib3r.lib(c:\ow\openwatcom\bld\clib\string\c\ustrchr.c)
004401fe       wcschr_
Module: c:\ow\openwatcom\rel2/lib386/nt\clib3r.lib(c:\ow\openwatcom\bld\clib\libwin32\c\setenvar.c)
00440250       __lib_SetEnvironmentVariableW_
Module: c:\ow\openwatcom\rel2/lib386/nt\clib3r.lib(c:\ow\openwatcom\bld\clib\environ\c\crtwenv.c)
00440390       __create_wide_environment_
Module: c:\ow\openwatcom\rel2/lib386/nt\clib3r.lib(c:\ow\openwatcom\bld\clib\char\c\utoupper.c)
0044040f       towupper_


                        +----------------------+
                        |   Imported Symbols   |
                        +----------------------+

Symbol                              Module
======                              ======

_GetCPInfo@8                        KERNEL32.DLL
_MultiByteToWideChar@24             KERNEL32.DLL
_FormatMessageA@28                  KERNEL32.DLL
_CreateFileA@28                     KERNEL32.DLL
_SetFilePointer@16                  KERNEL32.DLL
_GetLastError@0                     KERNEL32.DLL
_WriteFile@20                       KERNEL32.DLL
_GetFileType@4                      KERNEL32.DLL
_ReadFile@20                        KERNEL32.DLL
_SetStdHandle@8                     KERNEL32.DLL
_CreateEventA@16                    KERNEL32.DLL
_GetStdHandle@4                     KERNEL32.DLL
_CloseHandle@4                      KERNEL32.DLL
_MoveFileA@8                        KERNEL32.DLL
_GetFullPathNameA@16                KERNEL32.DLL
_GetDriveTypeA@4                    KERNEL32.DLL
_FindFirstFileA@8                   KERNEL32.DLL
_FindClose@4                        KERNEL32.DLL
_GetOEMCP@0                         KERNEL32.DLL
_GetEnvironmentStringsA@0           KERNEL32.DLL
_GetVersion@0                       KERNEL32.DLL
_GetModuleFileNameA@12              KERNEL32.DLL
_GetCommandLineA@0                  KERNEL32.DLL
_GetCommandLineW@0                  KERNEL32.DLL
_FreeEnvironmentStringsA@4          KERNEL32.DLL
_GetModuleHandleA@4                 KERNEL32.DLL
_ExitProcess@4                      KERNEL32.DLL
_DeleteFileA@4                      KERNEL32.DLL
_GetLocalTime@4                     KERNEL32.DLL
_GetFileAttributesA@4               KERNEL32.DLL
_CharUpperA@4                       USER32.DLL
_GetCurrentProcessId@0              KERNEL32.DLL
_GetCurrentDirectoryA@8             KERNEL32.DLL
_GetTimeZoneInformation@4           KERNEL32.DLL
_FileTimeToLocalFileTime@8          KERNEL32.DLL
_FileTimeToDosDateTime@12           KERNEL32.DLL
_DosDateTimeToFileTime@12           KERNEL32.DLL
_LocalFileTimeToFileTime@8          KERNEL32.DLL
_FindNextFileA@8                    KERNEL32.DLL
_VirtualAlloc@16                    KERNEL32.DLL
_WideCharToMultiByte@32             KERNEL32.DLL
_GetModuleFileNameW@12              KERNEL32.DLL
_LoadLibraryA@4                     KERNEL32.DLL
_GetProcAddress@8                   KERNEL32.DLL
_SetUnhandledExceptionFilter@4      KERNEL32.DLL
_UnhandledExceptionFilter@4         KERNEL32.DLL
_VirtualQuery@12                    KERNEL32.DLL
_GetCurrentThreadId@0               KERNEL32.DLL
_FlushFileBuffers@4                 KERNEL32.DLL
_VirtualFree@12                     KERNEL32.DLL
_GetACP@0                           KERNEL32.DLL
_SetConsoleCtrlHandler@8            KERNEL32.DLL
_SetEnvironmentVariableA@8          KERNEL32.DLL
_SetEnvironmentVariableW@8          KERNEL32.DLL


                        +--------------------+
                        |   Libraries Used   |
                        +--------------------+

c:\ow\openwatcom\rel2/lib386/nt\kernel32.lib
c:\ow\openwatcom\rel2/lib386/nt\user32.lib
c:\ow\openwatcom\bld\sdk\rc\wres/flat386/mf_r/wres.lib
c:\ow\openwatcom\rel2/lib386/nt\clib3r.lib


                        +-----------------------+
                        |   Linker Statistics   |
                        +-----------------------+

Stack size:  00010000 (65536.)
Memory size:  0005770c (358156.)
Entry point address: 00431416
Link time: 00:00.25
