Open Watcom Linker Version 1.9beta1 Limited Availability
Portions Copyright (c) 1985-2002 Sybase, Inc. All Rights Reserved.
Created on:       10/08/25 10:43:34
Executable Image: wrce.exe
creating an OS/2 32-bit executable


                        +------------+
                        |   Groups   |
                        +------------+

Group                           Address              Size
=====                           =======              ====

DGROUP                          0002:00000000        00016780



                        +--------------+
                        |   Segments   |
                        +--------------+

Segment                Class          Group          Address         Size
=======                =====          =====          =======         ====

BEGTEXT                CODE           AUTO           0001:00000000   00000007
_TEXT                  CODE           AUTO           0001:00000010   0003bb25
_NULL                  BEGDATA        DGROUP         0002:00000000   00000004
_AFTERNULL             BEGDATA        DGROUP         0002:00000004   00000000
CONST                  DATA           DGROUP         0002:00000004   0000005c
CONST2                 DATA           DGROUP         0002:00000060   00000000
_DATA                  DATA           DGROUP         0002:00000060   00001074
XIB                    DATA           DGROUP         0002:000010d4   00000000
XI                     DATA           DGROUP         0002:000010d4   0000002a
XIE                    DATA           DGROUP         0002:000010fe   00000000
YIB                    DATA           DGROUP         0002:000010fe   00000000
YI                     DATA           DGROUP         0002:000010fe   00000018
YIE                    DATA           DGROUP         0002:00001116   00000000
TIB                    DATA           DGROUP         0002:00001116   00000000
TI                     DATA           DGROUP         0002:00001116   00000000
TIE                    DATA           DGROUP         0002:00001116   00000000
DATA                   DATA           DGROUP         0002:00001116   00000000
_BSS                   BSS            DGROUP         0002:00001118   0000565c
STACK                  STACK          DGROUP         0002:00006780   00010000


                        +----------------+
                        |   Memory Map   |
                        +----------------+

* = unreferenced symbol
+ = symbol only referenced locally

Address        Symbol
=======        ======

Module: ytabw.obj(c:\ow\openwatcom\bld\sdk\rc\rc\os2386\ytabw.c)
0002:00000060  _yysyntaxerror
0001:00008160+ yylex_
0001:00008910* ParseFini_
0001:0000b870  ParseInit_
0001:0000ba30  Parse_
0001:0000ba80* ParseInitStatics_
0002:00001118  _yylval
Module: ytab2.obj(c:\ow\openwatcom\bld\sdk\rc\rc\os2386\ytab2.c)
0001:00012e60* ParseFiniOS2_
0001:00014740  ParseInitOS2_
0001:00014900  ParseOS2_
0001:00014950* ParseInitStaticsOS2_
Module: keyword.obj(c:\ow\openwatcom\bld\sdk\rc\rc\c\keyword.c)
0001:000152b0  LookupKeyword_
Module: keyword2.obj(c:\ow\openwatcom\bld\sdk\rc\rc\c\keyword2.c)
0001:00015c50  LookupKeywordOS2_
Module: errors.obj(c:\ow\openwatcom\bld\sdk\rc\rc\c\errors.c)
0001:00015fc0  RcWarning_
0001:00016000  RcError_
0001:00016040  RcFatalError_
0001:000160c0* ErrorInitStatics_
Module: errprt.obj(c:\ow\openwatcom\bld\sdk\rc\rc\c\errprt.c)
0001:000160f0  RcMsgFprintf_
0001:00016120  InitOutPutInfo_
Module: exeobj.obj(c:\ow\openwatcom\bld\sdk\rc\rc\c\exeobj.c)
0001:000163f0  CopyExeObjects_
0001:00016510  GetNextObjPhysOffset_
0001:00016540  GetNextObjRVA_
Module: exeres.obj(c:\ow\openwatcom\bld\sdk\rc\rc\c\exeres.c)
0001:00016570  InitResTable_
0001:00016610  ComputeResourceSize_
0001:00016970  CopyResources_
0001:00016bd0  WriteResTable_
Module: exeres2.obj(c:\ow\openwatcom\bld\sdk\rc\rc\c\exeres2.c)
0001:00016e40  InitOS2ResTable_
0001:00016ee0  ComputeOS2ResSegCount_
0001:00017030  CopyOS2Resources_
0001:00017260  WriteOS2ResTable_
Module: exerespe.obj(c:\ow\openwatcom\bld\sdk\rc\rc\c\exerespe.c)
0001:00017d10  RcPadFile_
0001:00017e00+ mergeDirectory_
0001:00017f40+ BuildResourceObject_
0001:00018190  RcBuildResourceObject_
Module: exereslx.obj(c:\ow\openwatcom\bld\sdk\rc\rc\c\exereslx.c)
0001:000184a0+ WriteLXResourceObjects_
0001:000186f0+ BuildLXResourceObjects_
0001:000187e0  RcBuildLXResourceObjects_
0001:00018830  RcWriteLXResourceObjects_
Module: exelxobj.obj(c:\ow\openwatcom\bld\sdk\rc\rc\c\exelxobj.c)
0001:00018f70  CopyLXExeObjects_
Module: exeseg.obj(c:\ow\openwatcom\bld\sdk\rc\rc\c\exeseg.c)
0001:00019120  AllocAndReadSegTables_
0001:000191d0  AllocAndReadOS2SegTables_
0001:000192c0  ComputeSegmentSize_
0001:000196e0  CopySegments_
0001:00019800  CopyOS2Segments_
Module: exeutil.obj(c:\ow\openwatcom\bld\sdk\rc\rc\c\exeutil.c)
0001:00019970  CopyExeData_
0001:00019a20  CopyExeDataTilEOF_
0001:00019a90  AlignAmount_
0001:00019ae0  FindShiftCount_
0001:00019b40  PadExeData_
0001:00019bb0  CheckDebugOffset_
0001:00019bd0  OffsetFromRVA_
0001:00019c30  SeekRead_
0001:00019c70  FindNEPELXHeader_
Module: global.obj(c:\ow\openwatcom\bld\sdk\rc\rc\c\global.c)
0002:000008d4  _ErrorHasOccured
0002:00001944  _CharSet
0002:00001a44  _CmdLineParms
0002:00002084  _Instance
0002:0000208c  _Pass2Info
0002:00002444  _CurrResFile
0002:00002568  _StopInvoked
0002:0000256c  _NewIncludeDirs
Module: layer0.obj(c:\ow\openwatcom\bld\sdk\rc\rc\c\layer0.c)
0001:00019db0  RegisterOpenFile_
0001:00019e10  CloseAllFiles_
0001:00019e50  RcOpen_
0001:00019f30  RcClose_
0001:00019fb0  RcWrite_
0001:0001a0d0  RcRead_
0001:0001a1b0  RcSeek_
0001:0001a2f0  RcTell_
0001:0001a340  Layer0InitStatics_
0002:000008d8  _WResRtns
Module: param.obj(c:\ow\openwatcom\bld\sdk\rc\rc\c\param.c)
0001:0001a420+ RcAddCPPArg_
0001:0001a4a0+ SetDBRange_
0001:0001b030  AddNewIncludeDirs_
0001:0001b5a0+ ParseEnvVar_
0001:0001b790  ScanParams_
0001:0001b7f0  ScanParamShutdown_
Module: pass2.obj(c:\ow\openwatcom\bld\sdk\rc\rc\c\pass2.c)
0001:0001c1f0  MergeResExeNE_
0001:0001c3a0  MergeResExeOS2NE_
0001:0001c540+ updateDebugDirectory_
0001:0001c6e0  MergeResExePE_
0001:0001ca70  MergeResExeLX_
Module: rc.obj(c:\ow\openwatcom\bld\sdk\rc\rc\c\rc.c)
0001:0001cda0  main_
Module: rcio.obj(c:\ow\openwatcom\bld\sdk\rc\rc\c\rcio.c)
0001:0001cfc0  RcGetEnv_
0001:0001d1a0  RcFindResource_
0001:0001d300  RcTmpFileName_
0001:0001d510  RcPass1IoInit_
0001:0001d820  RcPass1IoShutdown_
0001:0001db80+ ClosePass2FilesAndFreeMem_
0001:0001dc30  RcPass2IoInit_
0001:0001dd60  RcPass2IoShutdown_
0001:0001ddb0  RcIoPrintBanner_
0001:0001dde0  RcIoPrintHelp_
0001:0001dec0* RcIoTextInputInit_
0001:0001def0+ RcIoTextInputShutdown_
0001:0001e0e0+ RcIoPushInputFile_
0001:0001e190* RcIoPopInputFile_
0001:0001e1e0  RcIoGetChar_
0001:0001e270  RcIoGetLogicalFileInfo_
0001:0001e280* RcIoOverrideIsCOrHFlag_
0001:0001e2a0+ RcIoSetIsCOrHFlag_
0001:0001e320  RcIoSetLogicalFileInfo_
0001:0001e350  RcIoIsCOrHFile_
0001:0001e370  RcIoOpenInput_
0001:0001e420* RcIoInitStatics_
0002:000027f0+ _InStack
Module: rcmem.obj(c:\ow\openwatcom\bld\sdk\rc\rc\c\rcmem.c)
0001:0001e440  RcMemInit_
0001:0001e450  RcMemShutdown_
0001:0001e460  RcMemMalloc_
0001:0001e480  RcMemFree_
0001:0001e490  RcMemRealloc_
Module: rcstr.obj(c:\ow\openwatcom\bld\sdk\rc\rc\c\rcstr.c)
0001:0001e770  StringBlockBuild_
0001:0001e8f0  CompareStringItems32_
0001:0001e970  StringBlockFind_
Module: ppalloc.obj(c:\ow\openwatcom\bld\sdk\rc\rc\c\ppalloc.c)
0001:0001e9b0  PP_Malloc_
0001:0001e9c0  PP_Free_
0001:0001e9d0  PP_OutOfMemory_
Module: scan.obj(c:\ow\openwatcom\bld\sdk\rc\rc\c\scan.c)
0001:0001ea90  ScanInit_
0001:0001fc00  Scan_
0001:0001fc20* ScanInitStatics_
0001:0001fc40* FindAndReplace_
Module: scan2.obj(c:\ow\openwatcom\bld\sdk\rc\rc\c\scan2.c)
0001:0001ff00  ScanInitOS2_
0001:00021070  ScanOS2_
0001:00021090* ScanInitStaticsOS2_
Module: semaccel.obj(c:\ow\openwatcom\bld\sdk\rc\rc\c\semaccel.c)
0001:000210be  _DefaultAccelFlags
0001:000210c0  SemStrToAccelEvent_
0001:00021160  SemMakeAccItem_
0001:00021230  SemWriteAccelEntry_
0001:000212a0  SemWriteLastAccelEntry_
Module: semantic.obj(c:\ow\openwatcom\bld\sdk\rc\rc\c\semantic.c)
0001:000215b0  SetDefLang_
0001:000215c0  SemSetGlobalLanguage_
0001:000215f0  SemSetResourceLanguage_
0001:00021640  GetResourceLanguage_
0001:00021680  ClearResourceLanguage_
0001:00021690  SemUnsupported_
0001:000216b0  SemStartResource_
0001:00021750  SemEndResource_
0001:000217c0  SemAddResourceFree_
0001:00021a40  SemAddResource_
0001:00021a60  SemAddResource2_
0001:00021bb0  SemAddFirstMemOption_
0001:00021bf0  SemAddMemOption_
0001:00021ca0  SemCheckMemFlags_
0001:00021ec0  SemTokenToString_
0001:00022150* SemanticInitStatics_
Module: semdiag.obj(c:\ow\openwatcom\bld\sdk\rc\rc\c\semdiag.c)
0001:00022240  SemNewDiagOptions_
0001:00022420  SemDiagOptions_
0001:00022460  SemEmptyDiagCtrlList_
0001:00022480  SemNewDiagCtrlList_
0001:000224a0  SemAddDiagCtrlList_
0001:000224d0+ SemInitDiagCtrl_
0001:00022500  SemNewDiagCtrl_
0001:00022af0  SemWriteDialogBox_
0001:00022d10  SemSetControlData_
Module: semmenu.obj(c:\ow\openwatcom\bld\sdk\rc\rc\c\semmenu.c)
0001:00022e10  SemAddFirstMenuOption_
0001:00022e20  SemAddMenuOption_
0001:00022e70  SemNewMenu_
0001:00022ef0  SemAddMenuItem_
0001:000231b0  SemWriteMenu_
Module: semver.obj(c:\ow\openwatcom\bld\sdk\rc\rc\c\semver.c)
0001:00023330  SemNewVerValueList_
0001:00023380  SemAddVerValueList_
0001:000234b0  SemNewBlockVal_
0001:000234f0  SemNameVerBlock_
0001:000236b0  SemNewBlockNest_
0001:000236e0  SemAddBlockNest_
0001:00023700  SemMergeBlockNest_
0001:000237c0  SemNewVerFixedInfo_
0001:00023800  SemAddVerFixedInfo_
0001:000238c0  SemWriteVerInfo_
Module: semtbar.obj(c:\ow\openwatcom\bld\sdk\rc\rc\c\semtbar.c)
0001:00023a90  SemCreateToolBar_
0001:00023ac0  SemAddToolBarItem_
0001:00023b40  SemWriteToolBar_
Module: semantc2.obj(c:\ow\openwatcom\bld\sdk\rc\rc\c\semantc2.c)
0001:00023e30  SemOS2DefaultCodepage_
0001:00023e40  SemOS2SetCodepage_
0001:00023e50  SemOS2AddFirstResOption_
0001:00023ea0  SemOS2AddResOption_
0001:00023fb0  SemOS2CheckResFlags_
0001:000241d0  SemOS2TokenToString_
0001:000243f0* SemanticOS2InitStatics_
Module: sem2diag.obj(c:\ow\openwatcom\bld\sdk\rc\rc\c\sem2diag.c)
0001:00024470  SemOS2NewDiagCtrlList_
0001:00024490  SemOS2AddDiagCtrlList_
0001:000244c0* SemOS2InitDiagCtrl_
0001:000244f0  SemOS2NewDiagCtrl_
0001:00024e10  SemOS2WriteDialogTemplate_
0001:00024ee0  SemOS2SetControlData_
0001:00024f40  SemOS2SetWindowData_
0001:00024fd0  SemOS2AddDlgincResource_
0001:00025070  SemOS2NewPresParamList_
0001:000250b0  SemOS2AppendPresParam_
Module: sem2menu.obj(c:\ow\openwatcom\bld\sdk\rc\rc\c\sem2menu.c)
0001:000250f0+ ResOS2WriteMenuHeader_
0001:00025120+ ResOS2WriteMenuItemNormal_
0001:00025190  SemOS2AddFirstMenuOption_
0001:000251a0  SemOS2AddMenuOption_
0001:000251b0  SemOS2NewMenu_
0001:00025230  SemOS2AddMenuItem_
0001:00025430  SemOS2WriteMenu_
Module: sem2sngl.obj(c:\ow\openwatcom\bld\sdk\rc\rc\c\sem2sngl.c)
0001:00025500  SemOS2AddSingleLineResource_
0001:00025c50  SemOS2WriteFontDir_
Module: sem2str.obj(c:\ow\openwatcom\bld\sdk\rc\rc\c\sem2str.c)
0001:00025d40+ ResOS2WriteStringTableBlock_
0001:00025dd0  SemOS2NewStringTable_
0001:00025e10+ SemOS2FreeStringTable_
0001:00025ec0  SemOS2AddStrToStringTable_
0001:00026080  SemOS2MergeStrTable_
0001:000260c0  SemOS2MergeMsgTable_
0001:00026110  SemOS2WriteStringTable_
Module: sem2accl.obj(c:\ow\openwatcom\bld\sdk\rc\rc\c\sem2accl.c)
0001:000261e0  _DefaultAccelFlagsOS2
0001:000261f0+ ResOS2WriteAccelEntry_
0001:00026220  SemOS2StrToAccelEvent_
0001:00026270  SemOS2MakeAccItem_
0001:000262e0  SemOS2NewAccelTable_
0001:00026350  SemOS2AddAccelEntry_
0001:00026460  SemOS2WriteAccelTable_
Module: sem2help.obj(c:\ow\openwatcom\bld\sdk\rc\rc\c\sem2help.c)
0001:00026510+ ResOS2WriteHelpEntry_
0001:00026540  SemOS2MakeHelpItem_
0001:00026580  SemOS2NewHelpTable_
0001:000265f0  SemOS2AddHelpItem_
0001:000266d0  SemOS2WriteHelpTable_
0001:00026780  SemOS2NewHelpSubTable_
0001:000267e0  SemOS2AddHelpSubItem_
0001:00026920  SemOS2WriteHelpSubTable_
Module: semraw.obj(c:\ow\openwatcom\bld\sdk\rc\rc\c\semraw.c)
0001:000269d0  SemWriteRawDataItem_
0001:00026af0  SemCopyDataUntilEOF_
0001:00026b70  SemCopyRawFile_
0001:00026cf0  SemNewDataElemList_
0001:00026d20  SemAppendDataElem_
0001:00026d90  SemFlushDataElemList_
0001:00026e30  SemFreeDataElemList_
Module: semsingl.obj(c:\ow\openwatcom\bld\sdk\rc\rc\c\semsingl.c)
0001:00026e90  SemAddMessageTable_
0001:00026f30  SemAddSingleLineResource_
0001:00028280  SemWriteFontDir_
Module: semstr.obj(c:\ow\openwatcom\bld\sdk\rc\rc\c\semstr.c)
0001:00028370  SemNewStringTable_
0001:000283b0+ SemFreeStringTable_
0001:00028450  SemAddStrToStringTable_
0001:00028640  SemMergeStrTable_
0001:000286a0  SemMergeErrTable_
0001:00028700  SemWriteStringTable_
Module: dbtable.obj(c:\ow\openwatcom\bld\sdk\rc\rc\c\dbtable.c)
0001:00028960  OpenTable_
0001:00028a50  GetLeadBytes_
0001:00028a60+ DBStringToUnicode_
0001:00028ac0  FiniTable_
0001:00028b10* DbtableInitStatics_
Module: preproc.obj(c:\ow\openwatcom\bld\cpp\preproc.c)
0002:00004e28+ _PPStack
0002:00004e2c+ _NestLevel
0002:00004e30+ _SkipLevel
0002:00004e34+ _PPIncludePath
0002:00004e38+ _PP_CallBack
0002:00004e3c+ _PPBufPtr
0002:00004e40  _PPFlags
0002:00004e44  _PPTokenList
0002:00004e48  _PPTokenPtr
0002:00004e4c  _PPLineNumber
0002:00004e50  _PPCurToken
0002:00004e54+ _PPHashTable
0002:00000a28  _PP__DATE__
0002:00000a36  _PP__TIME__
0002:00000a41+ _PreProcChar
0001:00028cb0+ isAbsPath_
0001:00028ce0+ PP_Open_
0001:00028d80+ PP_FindInclude_
0001:00028e10+ PP_OpenInclude_
0001:000290f0+ PP_SetLeadBytes_
0001:00029120* PP_Init_
0001:00029130  PP_Init2_
0001:00029240* PP_Dependency_List_
0001:000292a0  PP_Fini_
0001:000292e0+ PP_ReadBuf_
0001:00029320+ PP_ReadLine_
0001:00029440+ PP_Hash_
0001:00029490  PP_Class_
0001:000294c0  PP_ScanName_
0001:000294f0+ PP_Include_
0001:000295a0+ PP_RCInclude_
0001:00029650+ PP_AddMacro_
0001:000296c0+ PP_SkipSpace_
0001:000296f0+ PP_SkipComment_
0001:00029770  PP_SkipWhiteSpace_
0001:000297b0  PP_Define_
0001:00029920  PP_MacroLookup_
0001:00029950  PP_ScanMacroLookup_
0001:000299a0* PP_Undef_
0001:000299b0* PP_Ifdef_
0001:000299c0* PP_Ifndef_
0001:00029a20+ PPConstExpr_
0001:00029a50+ PP_If_
0001:00029a90+ PP_Elif_
0001:00029b20+ PP_Else_
0001:00029b90+ PP_Endif_
0001:00029be0+ PP_Sharp_
0001:00029e40+ PP_Read_
0001:00029ed0+ PPScanLiteral_
0001:00029f10+ PPScanDigits_
0001:00029f30+ PPScanSuffix_
0001:00029f50+ PPScanHexNumber_
0001:00029f90+ PPScanNumber_
0001:00029fe0+ PPScanOther_
0001:0002a060  PP_ScanToken_
0001:0002a270  PP_ScanNextToken_
0001:0002a2d0  PP_Char_
0001:0002a3e0* PreprocVarInit_
0002:000051a0  _PPCharPtr
0002:000051a4  _PP_File
0002:000051a8+ _PPLineBuf
0002:000061aa  _PPSavedChar
Module: ppexpr.obj(c:\ow\openwatcom\bld\cpp\ppexpr.c)
0001:0002a490* PPEvalExpr_
0001:0002a4d0  PP_ConstExpr_
0001:0002a540+ PP_Expr1_
0001:0002a590+ PP_Expr2_
0001:0002a5e0+ PP_Expr3_
0001:0002a620+ PP_Expr4_
0001:0002a670+ PP_Expr5_
0001:0002a6b0+ PP_Expr6_
0001:0002a740+ PP_Expr7_
0001:0002a830+ PP_Expr8_
0001:0002a8b0+ PP_Expr9_
0001:0002a910+ PP_Expr10_
0001:0002a9d0+ PP_Expr11_
0001:0002ab00+ PP_AdvanceToken_
0001:0002ab70+ PP_HexNumber_
0001:0002abd0+ PP_CharConst_
0001:0002acf0+ PP_Constant_
0001:0002add0+ PP_Identifier_
Module: ppmacro.obj(c:\ow\openwatcom\bld\cpp\ppmacro.c)
0001:0002af40+ FreeTokenList_
0001:0002af60  DeleteNestedMacro_
0001:0002afd0  PPNextToken_
0001:0002b010  NextMToken_
0001:0002b0b0+ PPTrimWhiteSpace_
0001:0002b0f0+ PPCollectParms_
0001:0002b260* DumpMTokens_
0001:0002b290* DumpNestedMacros_
0001:0002b2d0+ TokLength_
0001:0002b2f0+ BuildAToken_
0001:0002b320+ AppendToken_
0001:0002b350+ Expandable_
0001:0002b420+ MacroBeingExpanded_
0001:0002b450+ ExpandNestedMacros_
0001:0002b660+ Glue2Tokens_
0001:0002b720+ GlueTokens_
0001:0002b7b0+ BuildMTokenList_
0001:0002b900+ DuplicateList_
0001:0002b940+ MakeString_
0001:0002b9a0+ BuildString_
0001:0002ba10+ SubstituteParms_
0001:0002bb10+ BuildSpecialToken_
0001:0002bbf0+ MacroExpansion_
0001:0002bcd0* NestedMacroExpansion_
0001:0002bcf0  DoMacroExpansion_
0001:0002bd10* PPMacroVarInit_
0002:000061ac+ _MacroDepth
0002:000061b0+ _NestedMacros
Module: tmpctl.obj(c:\ow\openwatcom\bld\sdk\rc\rc\c\tmpctl.c)
0001:0002bd20  RegisterTmpFile_
0001:0002bd70  UnregisterTmpFile_
0001:0002bdc0  IsTmpFile_
0001:0002be10* TmpCtlInitStatics_
Module: autodep.obj(c:\ow\openwatcom\bld\sdk\rc\rc\c\autodep.c)
0001:0002be50  AddDependency_
0001:0002bfe0  WriteDependencyRes_
0001:0002c0b0* AutoDepInitStatics_
Module: rcldstr.obj(c:\ow\openwatcom\bld\sdk\rc\rc\c\rcldstr.c)
0001:0002c0c0  InitRcMsgs_
0001:0002c190  GetRcMsg_
0001:0002c1c0  FiniRcMsgs_
Module: rcalloc1.obj(c:\ow\openwatcom\bld\sdk\rc\rc\c\rcalloc1.c)
0001:0002c1d0+ _BlocksPerHeap
0001:0002c1e0+ _HeapSizes
0001:0002c280  RCMemLayer1Init_
0001:0002c2b0  RCMemLayer1Malloc_
0001:0002c320  RCMemLayer1Free_
0001:0002c360  RCMemLayer1ShutDown_
0001:0002c390  RCMemLayer1Realloc_
0002:000061e8+ _Heaps
0002:000061f8+ _BigList
Module: rcalloc0.obj(c:\ow\openwatcom\bld\sdk\rc\rc\c\rcalloc0.c)
0001:0002c4d0  RCMemLayer0NewHeap_
0001:0002c500  RCMemLayer0Malloc_
0001:0002c540  RCMemLayer0Free_
0001:0002c550  RCMemLayer0ShutDown_
Module: sharedio.obj(c:\ow\openwatcom\bld\sdk\rc\rc\c\sharedio.c)
0001:0002c610+ closeAResFile_
0001:0002c670  OpenResFiles_
0001:0002c8a0  CloseResFiles_
0001:0002c8c0  WresRecordError_
0001:0002c8e0  LastWresErrStr_
0001:0002c910  LastWresErr_
0001:0002c930  LastWresStatus_
0001:0002c950* SharedIOInitStatics_
0001:0002c970  ReportDupResource_
Module: semresfl.obj(c:\ow\openwatcom\bld\sdk\rc\rc\c\semresfl.c)
0001:0002cbf0+ copyAResource_
0001:0002cc90+ copyResourcesFromRes_
0001:0002ce10  SemAddResFile_
Module: semutil.obj(c:\ow\openwatcom\bld\sdk\rc\rc\c\semutil.c)
0001:0002ce80  ReportCopyError_
0001:0002cee0  CopyData_
Module: c:\ow\openwatcom\rel2/lib386/os2\clib3r.lib(c:\ow\openwatcom\bld\clib\streamio\c\iob.c)
0002:00000a74  ___iob
0002:00000c7c  __fmode
0002:00006208  ___OpenStreams
0002:0000620c  ___ClosedStreams
Module: c:\ow\openwatcom\bld\sdk\rc\wres/flat386/mf_r/wres.lib(wridfrst.c)
0001:0002cfb0  WResIDFromStr_
Module: c:\ow\openwatcom\bld\sdk\rc\wres/flat386/mf_r/wres.lib(resnamor.c)
0001:0002d020  ResStrToNameOrOrd_
0001:0002d08c  ResNumToNameOrOrd_
Module: c:\ow\openwatcom\bld\sdk\rc\wres/flat386/mf_r/wres.lib(wridfrnu.c)
0001:0002d0c0  WResIDFromNum_
Module: c:\ow\openwatcom\bld\sdk\rc\wres/flat386/mf_r/wres.lib(wridtnoo.c)
0001:0002d120  WResIDToNameOrOrd_
0001:0002d1a0* WResHelpIDToNameOrOrd_
Module: c:\ow\openwatcom\rel2/lib386/os2\clib3r.lib(c:\ow\openwatcom\bld\clib\memory\c\memset.c)
0001:0002d220  memset_
Module: c:\ow\openwatcom\rel2/lib386/os2\clib3r.lib(c:\ow\openwatcom\bld\clib\char\c\tolower.c)
0001:0002d270  tolower_
Module: c:\ow\openwatcom\rel2/lib386/os2\clib3r.lib(c:\ow\openwatcom\bld\clib\string\c\stricmp.c)
0001:0002d2b0  stricmp_
Module: c:\ow\openwatcom\rel2/lib386/os2\clib3r.lib(c:\ow\openwatcom\bld\clib\string\c\vsprintf.c)
0001:0002d360  vsprintf_
Module: c:\ow\openwatcom\rel2/lib386/os2\clib3r.lib(c:\ow\openwatcom\bld\clib\string\c\sprintf.c)
0001:0002d3b0  sprintf_
Module: c:\ow\openwatcom\rel2/lib386/os2\clib3r.lib(c:\ow\openwatcom\bld\clib\char\c\istable.c)
0001:0002d3f0  __IsTable
Module: c:\ow\openwatcom\rel2/lib386/os2\clib3r.lib(c:\ow\openwatcom\bld\clib\startup\c\exit.c)
0001:0002d4f1+ __null_int23_exit_
0001:0002d511  exit_
0001:0002d570* _exit_
0002:00000c80+ ___int23_exit
0002:00000c84+ ___FPE_handler_exit
Module: c:\ow\openwatcom\bld\sdk\rc\wres/flat386/mf_r/wres.lib(rclosef.c)
0001:0002d590  ResCloseFile_
Module: c:\ow\openwatcom\rel2/lib386/os2\clib3r.lib(c:\ow\openwatcom\bld\clib\file\c\remove.c)
0001:0002d5b0  remove_
Module: c:\ow\openwatcom\rel2/lib386/os2\clib3r.lib(c:\ow\openwatcom\bld\clib\streamio\c\vfprintf.c)
0001:0002d5e0  vfprintf_
Module: c:\ow\openwatcom\rel2/lib386/os2\clib3r.lib(c:\ow\openwatcom\bld\clib\startup\c\errno.c)
0001:0002d610  __get_errno_ptr_
0001:0002d640* __get_doserrno_ptr_
Module: c:\ow\openwatcom\rel2/lib386/os2\clib3r.lib(c:\ow\openwatcom\bld\clib\string\c\strerror.c)
0001:0002d990  strerror_
0001:0002d9e0* _strerror_
0002:00000c88+ __sys_errlist
0002:00000d2c+ __sys_nerr
Module: c:\ow\openwatcom\bld\sdk\rc\wres/flat386/mf_r/wres.lib(wrfirres.c)
0001:0002da70  WResFirstResource_
0001:0002da9c  WResSetEmptyWindow_
0001:0002dab8  WResMakeWindow_
Module: c:\ow\openwatcom\bld\sdk\rc\wres/flat386/mf_r/wres.lib(wrgetli.c)
0001:0002dad0  WResGetLangInfo_
0001:0002dae4  WResGetFileInfo_
Module: c:\ow\openwatcom\bld\sdk\rc\wres/flat386/mf_r/wres.lib(wrnextrs.c)
0001:0002db00  WResNextResource_
Module: c:\ow\openwatcom\bld\sdk\rc\wres/flat386/mf_r/wres.lib(ralliae.c)
0001:0002db90  ResAddLLItemAtEnd_
Module: c:\ow\openwatcom\rel2/lib386/os2\clib3r.lib(c:\ow\openwatcom\bld\clib\memory\c\memicmp.c)
0001:0002dbc0  memicmp_
Module: c:\ow\openwatcom\bld\sdk\rc\wres/flat386/mf_r/wres.lib(wrgetti.c)
0001:0002dc60  WResGetTypeInfo_
Module: c:\ow\openwatcom\bld\sdk\rc\wres/flat386/mf_r/wres.lib(wrgetri.c)
0001:0002dc80  WResGetResInfo_
Module: c:\ow\openwatcom\rel2/lib386/os2\clib3r.lib(c:\ow\openwatcom\bld\clib\search\c\qsort.c)
0001:0002dd30  qsort_
Module: c:\ow\openwatcom\rel2/lib386/os2\clib3r.lib(c:\ow\openwatcom\bld\clib\time\c\time.c)
0001:0002e410  time_
Module: c:\ow\openwatcom\bld\sdk\rc\wres/flat386/mf_r/wres.lib(wrisempt.c)
0001:0002e470  WResIsEmpty_
Module: c:\ow\openwatcom\bld\sdk\rc\wres/flat386/mf_r/wres.lib(ropenfro.c)
0001:0002e490  ResOpenFileRO_
Module: c:\ow\openwatcom\rel2/lib386/os2\clib3r.lib(c:\ow\openwatcom\bld\clib\string\c\strncpy.c)
0001:0002e4e0  strncpy_
Module: c:\ow\openwatcom\bld\sdk\rc\wres/flat386/mf_r/wres.lib(wrmergdi.c)
0001:0002e550  WResMergeDirs_
0001:0002e670  WResFreeMergeErrors_
Module: c:\ow\openwatcom\rel2/lib386/os2\clib3r.lib(c:\ow\openwatcom\bld\clib\handleio\c\openos2.c)
0001:0002e8b0  open_
0001:0002e900+ sopen_
Module: c:\ow\openwatcom\rel2/lib386/os2\clib3r.lib(c:\ow\openwatcom\bld\clib\handleio\c\write.c)
0001:0002eac0  write_
Module: c:\ow\openwatcom\rel2/lib386/os2\clib3r.lib(c:\ow\openwatcom\bld\clib\handleio\c\close.c)
0001:0002ed60  close_
Module: c:\ow\openwatcom\rel2/lib386/os2\clib3r.lib(c:\ow\openwatcom\bld\clib\handleio\c\read.c)
0001:0002edc0  read_
Module: c:\ow\openwatcom\bld\sdk\rc\wres/flat386/mf_r/wres.lib(loadfind.c)
0001:0002efc8  FindResources_
0002:00000d30  _FileShift
Module: c:\ow\openwatcom\rel2/lib386/os2\clib3r.lib(c:\ow\openwatcom\bld\clib\handleio\c\lseek.c)
0001:0002f0d0  lseek_
Module: c:\ow\openwatcom\rel2/lib386/os2\clib3r.lib(c:\ow\openwatcom\bld\clib\handleio\c\tell.c)
0001:0002f150  tell_
Module: c:\ow\openwatcom\rel2/lib386/os2\clib3r.lib(c:\ow\openwatcom\bld\clib\string\c\strtok.c)
0001:0002f180  strtok_
Module: c:\ow\openwatcom\rel2/lib386/os2\clib3r.lib(c:\ow\openwatcom\bld\clib\misc\c\splitpat.c)
0001:0002f2f0  _splitpath_
Module: c:\ow\openwatcom\rel2/lib386/os2\clib3r.lib(c:\ow\openwatcom\bld\clib\misc\c\makepath.c)
0001:0002f450  _makepath_
Module: c:\ow\openwatcom\rel2/lib386/os2\clib3r.lib(c:\ow\openwatcom\bld\clib\file\c\accssos2.c)
0001:0002f660  access_
Module: c:\ow\openwatcom\rel2/lib386/os2\clib3r.lib(c:\ow\openwatcom\bld\clib\handleio\c\hdlman.c)
0001:0002f6e0* __set_handles_
0001:0002f710  _grow_handles_
0002:00000d34  ___NHandles
Module: c:\ow\openwatcom\rel2/lib386/os2\clib3r.lib(cstart)
0001:0002f780  _cstart_
Module: c:\ow\openwatcom\rel2/lib386/os2\clib3r.lib(c:\ow\openwatcom\bld\clib\startup\c\argcv.c)
0002:00006310  __argc
0002:00006314  __argv
0002:00006318  ___argc
0002:0000631c  ___argv
Module: c:\ow\openwatcom\rel2/lib386/os2\clib3r.lib(c:\ow\openwatcom\bld\clib\environ\c\getenv.c)
0001:0002f7e0  getenv_
Module: c:\ow\openwatcom\bld\sdk\rc\wres/flat386/mf_r/wres.lib(wrinitdi.c)
0001:0002f8a0  WResInitDir_
Module: c:\ow\openwatcom\bld\sdk\rc\wres/flat386/mf_r/wres.lib(mropnewf.c)
0001:0002f8e0  MResOpenNewFile_
Module: c:\ow\openwatcom\bld\sdk\rc\wres/flat386/mf_r/wres.lib(wropnewf.c)
0001:0002f910  WResOpenNewFile_
Module: c:\ow\openwatcom\rel2/lib386/os2\clib3r.lib(c:\ow\openwatcom\bld\clib\file\c\tmpnm.c)
0001:0002fa30  tmpnam_
Module: c:\ow\openwatcom\rel2/lib386/os2\clib3r.lib(c:\ow\openwatcom\bld\clib\file\c\renamos2.c)
0001:0002fb30  rename_
Module: c:\ow\openwatcom\bld\sdk\rc\wres/flat386/mf_r/wres.lib(wrfreedi.c)
0001:0002fb80  __FreeLangList_
0001:0002fbac+ __FreeResList_
0001:0002fbe4  __FreeTypeList_
0001:0002fc1c  WResFreeDir_
Module: c:\ow\openwatcom\bld\sdk\rc\wres/flat386/mf_r/wres.lib(wrwritdi.c)
0001:0002fcd0  WResWriteDir_
Module: c:\ow\openwatcom\rel2/lib386/os2\clib3r.lib(c:\ow\openwatcom\bld\clib\string\c\strlwr.c)
0001:0002fdc0  strlwr_
Module: c:\ow\openwatcom\rel2/lib386/os2\clib3r.lib(c:\ow\openwatcom\bld\clib\char\c\toupper.c)
0001:0002fe20  toupper_
Module: c:\ow\openwatcom\bld\sdk\rc\wres/flat386/mf_r/wres.lib(wridnacm.c)
0001:0002fea0  WResIDNameCmp_
Module: c:\ow\openwatcom\rel2/lib386/os2\clib3r.lib(c:\ow\openwatcom\bld\clib\search\c\bsearch.c)
0001:0002fef0  bsearch_
Module: c:\ow\openwatcom\bld\sdk\rc\wres/flat386/mf_r/wres.lib(varstr.c)
0001:0002ffd0  VarStringStart_
0001:00030004  VarStringAddChar_
0001:0003005c  VarStringEnd_
Module: c:\ow\openwatcom\rel2/lib386/os2\clib3r.lib(c:\ow\openwatcom\bld\clib\convert\c\ltoa.c)
0001:000300f0  ultoa_
0001:00030170  ltoa_
Module: c:\ow\openwatcom\rel2/lib386/os2\clib3r.lib(c:\ow\openwatcom\bld\clib\string\c\strstr.c)
0001:000301d0  strstr_
Module: c:\ow\openwatcom\bld\sdk\rc\wres/flat386/mf_r/wres.lib(resaccel.c)
0001:000302a0  ResWriteAccelEntry_
0001:000302d0  ResWriteAccelEntry32_
Module: c:\ow\openwatcom\bld\sdk\rc\wres/flat386/mf_r/wres.lib(restell.c)
0001:00030300  ResTell_
Module: c:\ow\openwatcom\bld\sdk\rc\wres/flat386/mf_r/wres.lib(write.c)
0001:0003034c  ResWriteUint8_
0001:0003037c  ResWriteUint16_
0001:000303ac  ResWriteUint32_
0001:000303dc  WResWriteWResIDNameUni_
0001:000304c4* WResWriteWResIDName_
0001:000304d0* WResWriteWResID_
0001:00030518  WResWriteTypeRecord_
0001:0003055c  WResWriteResRecord_
0001:000305a0  WResWriteLangRecord_
0001:000305d0  WResWriteHeaderRecord_
0001:00030640  WResWriteExtHeader_
0001:00030670  ResWriteStringLen_
0001:000306f4  ResWriteString_
0001:00030720  ResWriteNameOrOrdinal_
0001:00030814  MResWriteResourceHeader_
0001:00030948* WriteInitStatics_
0002:00000d38  _ConvToUnicode
Module: c:\ow\openwatcom\bld\sdk\rc\wres/flat386/mf_r/wres.lib(resseek.c)
0001:00030960  ResSeek_
0001:00030980  ResPadDWord_
Module: c:\ow\openwatcom\bld\sdk\rc\wres/flat386/mf_r/wres.lib(rduint8.c)
0001:000309e0  ResReadUint8_
Module: c:\ow\openwatcom\bld\sdk\rc\wres/flat386/mf_r/wres.lib(wridtost.c)
0001:00030a30  WResIDToStr_
0001:00030ab8* WResHelpIDToStr_
Module: c:\ow\openwatcom\bld\sdk\rc\wres/flat386/mf_r/wres.lib(wraddres.c)
0001:00030c90  WResAddResource_
0001:00030cec  WResAddResource2_
Module: c:\ow\openwatcom\bld\sdk\rc\wres/flat386/mf_r/wres.lib(resdiag.c)
0001:00030e48  ResWriteDialogBoxHeader_
0001:00030ef4  ResWriteDialogBoxHeader32_
0001:00030f7c  ResWriteDialogExHeader32_
0001:00031190* ResFreeDialogBoxHeaderPtrs_
0001:000311d0* ResFreeDialogBoxHeader32Ptrs_
0001:00031210* ResReadDialogBoxHeader32_
0001:000312ec* ResReadDialogBoxHeader_
0001:000313c8* ResIsDialogEx_
0001:0003141c* ResReadDialogExHeader32_
0001:000315d4  ResWriteDialogBoxControl_
0001:00031660  ResWriteDialogBoxControl32_
0001:000316bc  ResWriteDialogExControl32_
0001:00031910* ResReadDialogBoxControl_
0001:000319a8* ResReadDialogBoxControl32_
0001:00031a50* ResReadDialogExControl32_
0001:00031aec  ResNameOrOrdToControlClass_
0001:00031c40  ResNumToControlClass_
Module: c:\ow\openwatcom\bld\sdk\rc\wres/flat386/mf_r/wres.lib(resmenu.c)
0001:00031c90  ResWriteMenuHeader_
0001:00031cc0  ResWriteMenuExHeader_
0001:00031d24  ResWriteMenuItemPopup_
0001:00031d74  ResWriteMenuExItemPopup_
0001:00031e0c  ResWriteMenuItemNormal_
0001:00031e70  ResWriteMenuExItemNormal_
0001:00031ef8* ResWriteMenuItem_
0001:00031f1c+ ResReadMenuHeader_
0001:00031f5c* ResReadMenuExtraBytes_
0001:00031f98* ResIsMenuEx_
0001:00031fc4* ResIsHeaderMenuEx_
0001:00031fd0* ResReadMenuExItem_
0001:000320b0* ResReadMenuItem_
0001:00032130* ResReadMenuItem32_
0001:000321b0* ResNewMenuItem_
0001:000321ec* ResFreeMenuItem_
Module: c:\ow\openwatcom\bld\sdk\rc\wres/flat386/mf_r/wres.lib(resver.c)
0001:00032230  ResWriteVerBlockHeader_
0001:000322a0  ResSizeVerBlockHeader_
0001:00032300  ResWriteVerValueItem_
0001:000323b8  ResSizeVerValueItem_
0001:00032408  ResWriteVerFixedInfo_
Module: c:\ow\openwatcom\bld\sdk\rc\wres/flat386/mf_r/wres.lib(restbar.c)
0001:00032460  ResWriteToolBarHeader_
0001:000324bc  ResWriteToolBarItems_
Module: c:\ow\openwatcom\bld\sdk\rc\wres/flat386/mf_r/wres.lib(resfont.c)
0001:000324e0  ResWriteFontInfo_
0001:00032510  ResWriteFontDirEntry_
Module: c:\ow\openwatcom\bld\sdk\rc\wres/flat386/mf_r/wres.lib(rrdstr.c)
0001:00032540  ResReadString_
0001:000325b0  ResRead32String_
Module: c:\ow\openwatcom\bld\sdk\rc\wres/flat386/mf_r/wres.lib(resstr.c)
0001:00032630  ResInitStringTableBlock_
0001:00032648  ResFreeStringTableBlock_
0001:00032670  ResWriteStringTableBlock_
Module: c:\ow\openwatcom\bld\sdk\rc\wres/flat386/mf_r/wres.lib(wridnfst.c)
0001:000326b0  WResIDNameFromStr_
Module: c:\ow\openwatcom\bld\sdk\rc\wres/flat386/mf_r/wres.lib(rdlli.c)
0001:00032710  ResDeleteLLItem_
Module: c:\ow\openwatcom\bld\sdk\rc\wres/flat386/mf_r/wres.lib(resraw.c)
0001:00032750  ResWrite_
Module: c:\ow\openwatcom\bld\sdk\rc\wres/flat386/mf_r/wres.lib(resbitmp.c)
0001:00032780  ResWriteBitmapInfoHeader_
Module: c:\ow\openwatcom\bld\sdk\rc\wres/flat386/mf_r/wres.lib(resiccu.c)
0001:000327b0  ResWriteIconCurDirHeader_
0001:000327e0* ResReadIconCurDirHeader_
0001:00032820  ResWriteIconDirEntry_
0001:00032850* ResReadIconDirEntry_
0001:00032890  ResWriteCurDirEntry_
0001:000328c0* ResReadCurDirEntry_
0001:00032900  ResWriteCurHotspot_
Module: c:\ow\openwatcom\rel2/lib386/os2\clib3r.lib(c:\ow\openwatcom\bld\clib\environ\c\searchen.c)
0001:00032930  _searchenv_
Module: c:\ow\openwatcom\rel2/lib386/os2\clib3r.lib(c:\ow\openwatcom\bld\clib\string\a\cmp386.asm)
0001:00032b20  strcmp_
Module: c:\ow\openwatcom\rel2/lib386/os2\clib3r.lib(c:\ow\openwatcom\bld\clib\time\c\localtim.c)
0001:00032c60+ _localtime_
0001:00032ce0  localtime_
Module: c:\ow\openwatcom\rel2/lib386/os2\clib3r.lib(c:\ow\openwatcom\bld\clib\streamio\c\printf.c)
0001:00032d20  printf_
Module: c:\ow\openwatcom\rel2/lib386/os2\clib3r.lib(c:\ow\openwatcom\bld\clib\streamio\c\fflush.c)
0001:00032d60  fflush_
Module: c:\ow\openwatcom\rel2/lib386/os2\clib3r.lib(c:\ow\openwatcom\bld\clib\misc\c\fullpath.c)
0001:00032da0+ _sys_fullpath_
0001:00032f30  _fullpath_
Module: c:\ow\openwatcom\rel2/lib386/os2\clib3r.lib(c:\ow\openwatcom\bld\clib\file\c\statos2.c)
0001:00033078  stat_
Module: c:\ow\openwatcom\rel2/lib386/os2\clib3r.lib(c:\ow\openwatcom\bld\clib\startup\c\cmdname.c)
0001:00033430  _cmdname_
Module: c:\ow\openwatcom\bld\sdk\rc\wres/flat386/mf_r/wres.lib(loadstr.c)
0001:00033598+ WResLoadString2_
0001:00033648  WResLoadString_
0001:00033660  OpenResFile_
0001:00033670+ InitResources2_
0001:00033698  InitResources_
0001:000336a8* CloseResFile2_
0001:000336b4  CloseResFile_
0001:000336cc* LoadstrInitStatics_
0002:00006530+ _MainDir
Module: c:\ow\openwatcom\rel2/lib386/os2\clib3r.lib(c:\ow\openwatcom\bld\clib\mbyte\c\wrlang.c)
0001:00033700  _WResLanguage_
Module: c:\ow\openwatcom\rel2/lib386/os2\clib3r.lib(c:\ow\openwatcom\bld\clib\heap\c\nfree.c)
0001:000337e0  free_
0001:00033810  _nfree_
0002:00006534  ___MiniHeapFreeRover
Module: c:\ow\openwatcom\rel2/lib386/os2\clib3r.lib(c:\ow\openwatcom\bld\clib\heap\c\nmalloc.c)
0001:000339f0  malloc_
0001:00033a20  _nmalloc_
0002:00000d3c  ___nheapbeg
0002:00000d40  ___MiniHeapRover
0002:00000d44  ___LargestSizeB4MiniHeapRover
Module: c:\ow\openwatcom\rel2/lib386/os2\clib3r.lib(c:\ow\openwatcom\bld\clib\heap\c\nrealloc.c)
0001:00033b70  realloc_
0001:00033ba0+ _nrealloc_
Module: c:\ow\openwatcom\bld\sdk\rc\wres/flat386/mf_r/wres.lib(wrreaddi.c)
0001:00034388  WResReadDir_
0001:00034394  WResReadDir2_
Module: c:\ow\openwatcom\bld\sdk\rc\wres/flat386/mf_r/wres.lib(wrdelrs.c)
0001:00034510  WResDelResource_
Module: c:\ow\openwatcom\bld\sdk\rc\wres/flat386/mf_r/wres.lib(wridfree.c)
0001:00034550  WResIDFree_
Module: c:\ow\openwatcom\rel2/lib386/os2\clib3r.lib(c:\ow\openwatcom\bld\clib\convert\c\itoa.c)
0001:00034560+ utoa_
0001:000345e0  itoa_
Module: c:\ow\openwatcom\rel2/lib386/os2\clib3r.lib(c:\ow\openwatcom\bld\clib\streamio\c\initfile.c)
0001:00034670  __InitFiles_
Module: c:\ow\openwatcom\rel2/lib386/os2\clib3r.lib(c:\ow\openwatcom\bld\clib\startup\c\ioexit.c)
0001:00034810* fcloseall_
0001:00034840  __full_io_exit_
Module: c:\ow\openwatcom\bld\sdk\rc\wres/flat386/mf_r/wres.lib(wriidfn.c)
0001:00034870  WResInitIDFromNum_
Module: c:\ow\openwatcom\rel2/lib386/os2\clib3r.lib(c:\ow\openwatcom\bld\clib\streamio\c\prtf.c)
0001:00034880  __prtf_
Module: c:\ow\openwatcom\rel2/lib386/os2\clib3r.lib(c:\ow\openwatcom\bld\clib\startup\c\maino32.c)
0002:00000d48+ ___FirstThreadData
0002:00000d4c  ___GetThreadPtr
0002:00000d50  __AccessFileH
0002:00000d54  __ReleaseFileH
0002:00000d58  __AccessIOB
0002:00000d5c  __ReleaseIOB
0002:00000d60  __AccessNHeap
0002:00000d64+ __AccessFHeap
0002:00000d68  __ReleaseNHeap
0002:00000d6c+ __ReleaseFHeap
0001:00035a60  __threadstack_
0001:00035a7c* __threadid_
0001:00035ab8  __OS2MainInit_
0001:00035b57+ __OS2Init_
0001:00035ba6* __OS2Fini_
0001:00035bc0+ __shutdown_stack_checking_
0001:00035be4  __exit_
0002:00000d70+ __AccessTDList
0002:00000d74+ __ReleaseTDList
0002:00000d78+ ___sig_init_rtn
0002:00000d7c+ ___sig_fini_rtn
0002:00000d80+ __threadstksize
0002:00000d84  ___process_fini
0002:00006538  ___Is_DLL
0002:0000653c+ ___saved_CS
Module: c:\ow\openwatcom\rel2/lib386/os2\clib3r.lib(c:\ow\openwatcom\bld\clib\startup\c\initrtns.c)
0001:00035c70  __InitRtns
0001:00035d00  __FiniRtns
Module: c:\ow\openwatcom\rel2/lib386/os2\clib3r.lib(c:\ow\openwatcom\bld\clib\handleio\c\unlnkos2.c)
0001:00035da0  unlink_
Module: c:\ow\openwatcom\rel2/lib386/os2\clib3r.lib(c:\ow\openwatcom\bld\clib\streamio\c\fprtf.c)
0001:00035e20  __fprtf_
Module: c:\ow\openwatcom\rel2/lib386/os2\clib3r.lib(c:\ow\openwatcom\bld\clib\string\c\strcat.c)
0001:00035f40  strcat_
Module: c:\ow\openwatcom\rel2/lib386/os2\clib3r.lib(c:\ow\openwatcom\bld\clib\time\c\gtctmos2.c)
0001:00035f90  __getctime_
Module: c:\ow\openwatcom\rel2/lib386/os2\clib3r.lib(c:\ow\openwatcom\bld\clib\time\c\mktime.c)
0001:00036020  mktime_
Module: c:\ow\openwatcom\rel2/lib386/os2\clib3r.lib(c:\ow\openwatcom\bld\clib\handleio\c\setmd.c)
0001:000360c0  setmode_
Module: c:\ow\openwatcom\rel2/lib386/os2\clib3r.lib(c:\ow\openwatcom\bld\clib\handleio\c\umaskval.c)
0002:00000d88  ___umaskval
Module: c:\ow\openwatcom\rel2/lib386/os2\clib3r.lib(c:\ow\openwatcom\bld\clib\startup\c\os2fil64.c)
0002:00000d8c  ___os2_DosOpenL
0002:00000d90+ ___os2_DosSetFilePtrL
0002:00000d94+ ___os2_DosSetFileSizeL
0002:00000d98+ ___os2_DosSetFileLocksL
Module: c:\ow\openwatcom\rel2/lib386/os2\clib3r.lib(c:\ow\openwatcom\bld\clib\_dos\c\dosret.c)
0001:00036300* _dosretax_
0001:00036340* _dosret0_
0001:00036380  __set_errno_dos_
0001:000363d0* __set_errno_dos_reterr_
Module: c:\ow\openwatcom\rel2/lib386/os2\clib3r.lib(c:\ow\openwatcom\bld\clib\handleio\c\iomode.c)
0001:00036400  __GetIOMode_
0001:00036450  __SetIOMode_nogrow_
0002:00000ea0  ___NFiles
0002:00000ea4  ___init_mode
0002:00000ef4  ___io_mode
Module: c:\ow\openwatcom\rel2/lib386/os2\clib3r.lib(c:\ow\openwatcom\bld\clib\startup\c\seterrno.c)
0001:00036489  __set_errno_
0001:000364aa* __set_EDOM_
0001:000364cf* __set_ERANGE_
0001:000364f4* __set_EINVAL_
0001:00036523  __set_doserrno_
Module: c:\ow\openwatcom\rel2/lib386/os2\clib3r.lib(c:\ow\openwatcom\bld\clib\environ\c\isattos2.c)
0001:00036550  isatty_
Module: c:\ow\openwatcom\rel2/lib386/os2\clib3r.lib(c:\ow\openwatcom\bld\clib\handleio\c\stiomode.c)
0001:000365d0  __grow_iomode_
0001:00036690+ __shrink_iomode_
0001:00036730  __SetIOMode_
Module: c:\ow\openwatcom\rel2/lib386/os2\clib3r.lib(c:\ow\openwatcom\bld\clib\handleio\c\__lseek.c)
0001:000367e0  __lseek_
Module: c:\ow\openwatcom\rel2/lib386/os2\clib3r.lib(c:\ow\openwatcom\bld\clib\startup\c\stack386.c)
0001:00036860  stackavail_
Module: c:\ow\openwatcom\rel2/lib386/os2\clib3r.lib(c:\ow\openwatcom\bld\clib\startup\a\stko32.asm)
0001:0003689d* __STK
0001:0003688d  __CHK
0001:000368cc  __GRO
0001:000368bc  __STKOVERFLOW_
Module: c:\ow\openwatcom\rel2/lib386/os2\clib3r.lib(c:\ow\openwatcom\bld\clib\handleio\c\_clseos2.c)
0001:000368f0  __close_
Module: c:\ow\openwatcom\rel2/lib386/os2\clib3r.lib(c:\ow\openwatcom\bld\clib\handleio\c\iomodtty.c)
0001:00036970  __ChkTTYIOMode_
0001:000369e0* __IOMode_
Module: c:\ow\openwatcom\rel2/lib386/os2\clib3r.lib(c:\ow\openwatcom\bld\clib\string\c\setbits.c)
0001:00036a10  __setbits_
Module: c:\ow\openwatcom\rel2/lib386/os2\clib3r.lib(c:\ow\openwatcom\bld\clib\string\c\bits.c)
0001:00036a70  __Bits
Module: c:\ow\openwatcom\rel2/lib386/os2\clib3r.lib(c:\ow\openwatcom\bld\clib\mbyte\c\mbsnccnt.c)
0001:00036a80  _mbsnccnt_
Module: c:\ow\openwatcom\rel2/lib386/os2\clib3r.lib(c:\ow\openwatcom\bld\clib\mbyte\c\mbsncpy.c)
0001:00036af0  _mbsncpy_
Module: c:\ow\openwatcom\rel2/lib386/os2\clib3r.lib(c:\ow\openwatcom\bld\clib\mbyte\c\mbsnbcnt.c)
0001:00036b30  _mbsnbcnt_
Module: c:\ow\openwatcom\rel2/lib386/os2\clib3r.lib(c:\ow\openwatcom\bld\clib\mbyte\c\mbsnextc.c)
0001:00036bf0  _mbsnextc_
Module: c:\ow\openwatcom\rel2/lib386/os2\clib3r.lib(c:\ow\openwatcom\bld\clib\mbyte\c\mbsinc.c)
0001:00036c60  _mbsinc_
Module: c:\ow\openwatcom\rel2/lib386/os2\clib3r.lib(c:\ow\openwatcom\bld\clib\string\c\strcpy.c)
0001:00036cd0  strcpy_
Module: c:\ow\openwatcom\rel2/lib386/os2\clib3r.lib(c:\ow\openwatcom\bld\clib\string\c\strlen.c)
0001:00036d20  strlen_
Module: c:\ow\openwatcom\rel2/lib386/os2\clib3r.lib(c:\ow\openwatcom\bld\clib\mbyte\c\mbconv.c)
0001:00036d60  _mbvtop_
Module: c:\ow\openwatcom\rel2/lib386/os2\clib3r.lib(c:\ow\openwatcom\bld\clib\mbyte\c\mbclen.c)
0001:00036db0  _mbclen_
Module: c:\ow\openwatcom\rel2/lib386/os2\clib3r.lib(c:\ow\openwatcom\bld\clib\mbyte\c\mbsdec.c)
0001:00036e20  _mbsdec_
Module: c:\ow\openwatcom\rel2/lib386/os2\clib3r.lib(c:\ow\openwatcom\bld\clib\startup\c\main2o32.c)
0001:00036f00  __OS2Main
Module: c:\ow\openwatcom\rel2/lib386/os2\clib3r.lib(segdefns)
0001:00000003  ___begtext
0002:00000000* __nullarea
0002:000010d4  __Start_XI
0002:000010fe  __End_XI
0002:000010fe  __Start_YI
0002:00001116  __End_YI
Module: c:\ow\openwatcom\rel2/lib386/os2\clib3r.lib(c:\ow\openwatcom\bld\clib\startup\c\initargv.c)
0001:00036f80  __Init_Argv_
0001:00036ff0+ _getargv_
0001:00037260  __Fini_Argv_
Module: c:\ow\openwatcom\rel2/lib386/os2\clib3r.lib(c:\ow\openwatcom\bld\clib\environ\c\environ.c)
0002:00006648  ___env_mask
0002:0000664c  _environ
0002:00006650+ __wenviron
Module: c:\ow\openwatcom\rel2/lib386/os2\clib3r.lib(c:\ow\openwatcom\bld\clib\mbyte\c\mbterm.c)
0001:00037290  _mbterm_
Module: c:\ow\openwatcom\rel2/lib386/os2\clib3r.lib(c:\ow\openwatcom\bld\clib\mbyte\c\mbcupper.c)
0001:00037310  _mbctoupper_
Module: c:\ow\openwatcom\bld\sdk\rc\wres/flat386/mf_r/wres.lib(wrfilein.c)
0001:00037370  WResFileInit_
Module: c:\ow\openwatcom\rel2/lib386/os2\clib3r.lib(c:\ow\openwatcom\bld\clib\environ\c\gtpidos2.c)
0001:00037430  getpid_
Module: c:\ow\openwatcom\rel2/lib386/os2\clib3r.lib(c:\ow\openwatcom\bld\clib\convert\c\alphabet.c)
0002:00000004  ___Alphabet
Module: c:\ow\openwatcom\rel2/lib386/os2\clib3r.lib(c:\ow\openwatcom\bld\clib\string\c\strchr.c)
0001:00037470  strchr_
Module: c:\ow\openwatcom\rel2/lib386/os2\clib3r.lib(c:\ow\openwatcom\bld\clib\memory\c\memchr.c)
0001:000374c0  memchr_
Module: c:\ow\openwatcom\rel2/lib386/os2\clib3r.lib(c:\ow\openwatcom\bld\clib\memory\c\memcmp.c)
0001:00037520  memcmp_
Module: c:\ow\openwatcom\bld\sdk\rc\wres/flat386/mf_r/wres.lib(wridexby.c)
0001:00037590  WResIDExtraBytes_
Module: c:\ow\openwatcom\bld\sdk\rc\wres/flat386/mf_r/wres.lib(wrfindrs.c)
0001:000375a0  __FindType_
0001:000375c4  __FindRes_
0001:000375e8  __FindLang_
0001:00037624  WResFindResource_
Module: c:\ow\openwatcom\bld\sdk\rc\wres/flat386/mf_r/wres.lib(rrnamoor.c)
0001:000376b0  ResReadNameOrOrdinal_
0001:00037798  ResRead32NameOrOrdinal_
Module: c:\ow\openwatcom\bld\sdk\rc\wres/flat386/mf_r/wres.lib(rduint16.c)
0001:00037880  ResReadUint16_
Module: c:\ow\openwatcom\bld\sdk\rc\wres/flat386/mf_r/wres.lib(rduint32.c)
0001:000378d0  ResReadUint32_
Module: c:\ow\openwatcom\rel2/lib386/os2\clib3r.lib(c:\ow\openwatcom\bld\clib\direct\c\gtcwdos2.c)
0001:00037920  getcwd_
Module: c:\ow\openwatcom\rel2/lib386/os2\clib3r.lib(c:\ow\openwatcom\bld\clib\string\c\strncat.c)
0001:00037a10  strncat_
Module: c:\ow\openwatcom\rel2/lib386/os2\clib3r.lib(c:\ow\openwatcom\bld\clib\time\c\tzset.c)
0002:00000f08  ___start_dst
0002:00000f2c  ___end_dst
0002:00001054+ _tzname
0002:0000105c  _timezone
0002:00001060  _daylight
0002:00001064  ___dst_adjust
0001:00037ad0* __DontCacheOSTZ_
0001:00037b10* __CacheOSTZ_
0001:00038150+ __parse_tz_
0001:000383d0  tzset_
Module: c:\ow\openwatcom\rel2/lib386/os2\clib3r.lib(c:\ow\openwatcom\bld\clib\time\c\gmtime.c)
0001:00038480  __brktime_
0001:00038600+ _gmtime_
0001:00038640* gmtime_
Module: c:\ow\openwatcom\rel2/lib386/os2\clib3r.lib(c:\ow\openwatcom\bld\clib\time\c\timeutil.c)
0001:00038860  __isindst_
Module: c:\ow\openwatcom\rel2/lib386/os2\clib3r.lib(c:\ow\openwatcom\bld\clib\streamio\c\flushall.c)
0001:00038d10+ __flushall_
0001:00038d90  flushall_
Module: c:\ow\openwatcom\rel2/lib386/os2\clib3r.lib(c:\ow\openwatcom\bld\clib\streamio\c\flush.c)
0001:00038dc0  __flush_
Module: c:\ow\openwatcom\rel2/lib386/os2\clib3r.lib(c:\ow\openwatcom\bld\clib\mbyte\c\mbschr.c)
0001:00038f50  _mbschr_
Module: c:\ow\openwatcom\rel2/lib386/os2\clib3r.lib(c:\ow\openwatcom\bld\clib\mbyte\c\mbscmp.c)
0001:00038fe0  _mbscmp_
Module: c:\ow\openwatcom\rel2/lib386/os2\clib3r.lib(c:\ow\openwatcom\bld\clib\mbyte\c\mbspbrk.c)
0001:00039090  _mbspbrk_
Module: c:\ow\openwatcom\rel2/lib386/os2\clib3r.lib(c:\ow\openwatcom\bld\clib\handleio\c\fstatos2.c)
0001:00039150  fstat_
Module: c:\ow\openwatcom\rel2/lib386/os2\clib3r.lib(c:\ow\openwatcom\bld\clib\handleio\c\d2ttime.c)
0001:000393a0  _d2ttime_
Module: c:\ow\openwatcom\rel2/lib386/os2\clib3r.lib(c:\ow\openwatcom\bld\clib\heap\c\mem.c)
0001:00039440  __MemAllocator
0001:000395f0  __MemFree
Module: c:\ow\openwatcom\rel2/lib386/os2\clib3r.lib(c:\ow\openwatcom\bld\clib\heap\c\grownear.c)
0001:00039b90  __ExpandDGROUP_
Module: c:\ow\openwatcom\rel2/lib386/os2\clib3r.lib(c:\ow\openwatcom\bld\clib\heap\c\nmemneed.c)
0001:00039bc0  __nmemneed_
Module: c:\ow\openwatcom\rel2/lib386/os2\clib3r.lib(c:\ow\openwatcom\bld\clib\heap\c\nmsize.c)
0001:00039bf0* _msize_
0001:00039c30  _nmsize_
Module: c:\ow\openwatcom\rel2/lib386/os2\clib3r.lib(c:\ow\openwatcom\bld\clib\heap\c\nexpand.c)
0001:00039c70* _expand_
0001:00039ca0+ __HeapManager_expand_
0001:00039f10  _nexpand_
Module: c:\ow\openwatcom\bld\sdk\rc\wres/flat386/mf_r/wres.lib(wrrfrr.c)
0001:00039fb0  WResReadFixedResRecord_
0001:00039ff0  WResReadFixedResRecord1_
0001:0003a030  WResReadFixedResRecord2_
Module: c:\ow\openwatcom\bld\sdk\rc\wres/flat386/mf_r/wres.lib(wrrewrid.c)
0001:0003a0b0  WResReadExtraWResID_
Module: c:\ow\openwatcom\bld\sdk\rc\wres/flat386/mf_r/wres.lib(wrrftr.c)
0001:0003a110  WResReadFixedTypeRecord_
0001:0003a158  WResReadFixedTypeRecord2_
Module: c:\ow\openwatcom\bld\sdk\rc\wres/flat386/mf_r/wres.lib(wrrhr.c)
0001:0003a1d0  WResReadHeaderRecord_
0001:0003a248  WResReadExtHeader_
Module: c:\ow\openwatcom\bld\sdk\rc\wres/flat386/mf_r/wres.lib(mrrdrh.c)
0001:0003a290  M32ResReadResourceHeader_
0001:0003a3fc  MResReadResourceHeader_
Module: c:\ow\openwatcom\bld\sdk\rc\wres/flat386/mf_r/wres.lib(wrfree.c)
0001:0003a4a0  MResFreeResourceHeader_
Module: c:\ow\openwatcom\bld\sdk\rc\wres/flat386/mf_r/wres.lib(wridfnoo.c)
0001:0003a4e0  WResIDFromNameOrOrd_
Module: c:\ow\openwatcom\bld\sdk\rc\wres/flat386/mf_r/wres.lib(wriswrf.c)
0001:0003a500  WResFindResType_
0001:0003a598* WResIsWResFile_
Module: c:\ow\openwatcom\rel2/lib386/os2\clib3r.lib(c:\ow\openwatcom\bld\clib\startup\c\xmsgo32.c)
0001:0003a5b0+ __exit_with_msg_
0001:0003a620  __fatal_runtime_error_
Module: c:\ow\openwatcom\rel2/lib386/os2\clib3r.lib(c:\ow\openwatcom\bld\clib\streamio\c\fclose.c)
0001:0003a660+ __doclose_
0001:0003a740  __shutdown_stream_
0001:0003a780* fclose_
0002:00006654+ ___RmTmpFileFn
Module: c:\ow\openwatcom\rel2/lib386/os2\clib3r.lib(c:\ow\openwatcom\bld\clib\streamio\c\freefp.c)
0001:0003a7f0  __freefp_
0001:0003a870  __purgefp_
Module: c:\ow\openwatcom\rel2/lib386/os2\clib3r.lib(c:\ow\openwatcom\bld\clib\mbyte\c\wctomb.c)
0001:0003a8c0  wctomb_
Module: c:\ow\openwatcom\rel2/lib386/os2\clib3r.lib(c:\ow\openwatcom\bld\clib\streamio\c\noefgfmt.c)
0002:0000106c  ___EFG_printf
0002:00001070+ ___EFG_scanf
Module: c:\ow\openwatcom\rel2/lib386/os2\clib3r.lib(c:\ow\openwatcom\bld\clib\convert\c\lltoa.c)
0001:0003a990  ulltoa_
0001:0003aa30* lltoa_
Module: c:\ow\openwatcom\rel2/lib386/os2\clib3r.lib(c:\ow\openwatcom\bld\clib\string\c\strupr.c)
0001:0003aaa0  strupr_
Module: c:\ow\openwatcom\rel2/lib386/os2\clib3r.lib(c:\ow\openwatcom\bld\clib\mbyte\c\mbisdbcs.c)
0002:00006658  ___IsDBCS
Module: c:\ow\openwatcom\rel2/lib386/os2\clib3r.lib(c:\ow\openwatcom\bld\clib\mbyte\c\mbislead.c)
0001:0003ab00* _ismbblead_
0002:0000665c  ___MBCSIsTable
Module: c:\ow\openwatcom\rel2/lib386/os2\clib3r.lib(crwdata)
0002:000010b8  __osmajor
0002:000010b9  __osminor
0002:00001084* __LpDllName
0002:00001088* __LpwCmdLine
0002:0000108c* __LpwPgmName
0002:00001090* __LpwDllName
0002:0000107c  __LpCmdLine
0002:00001080  __LpPgmName
0002:00001074* __dynend
0002:00001078  __curbrk
0002:00001094* __STACKLOW
0002:00001098* __STACKTOP
0002:0000109c  __ASTACKSIZ
0002:000010a0  __ASTACKPTR
0002:000010a4* __cbyte
0002:000010a8* __cbyte2
0002:000010ac* __child
0002:000010b2  __Envptr
0002:000010b6* __Envseg
0002:000010b0* __no87
0002:000010ba* ___FPE_handler
Module: c:\ow\openwatcom\rel2/lib386/os2\clib3r.lib(c:\ow\openwatcom\bld\clib\startup\c\cinit.c)
0001:0003ab50  __CommonInit_
0002:00006760  ___hmodule
Module: c:\ow\openwatcom\rel2/lib386/os2\clib3r.lib(c:\ow\openwatcom\bld\clib\streamio\c\fputc.c)
0001:0003ab80  fputc_
Module: c:\ow\openwatcom\rel2/lib386/os2\clib3r.lib(c:\ow\openwatcom\bld\clib\streamio\c\ioalloc.c)
0001:0003ad00  __ioalloc_
Module: c:\ow\openwatcom\rel2/lib386/os2\clib3r.lib(c:\ow\openwatcom\bld\clib\time\c\locmktim.c)
0001:0003add0  __local_mktime_
Module: c:\ow\openwatcom\rel2/lib386/os2\clib3r.lib(c:\ow\openwatcom\bld\clib\memory\c\memcpy.c)
0001:0003af70  memcpy_
Module: c:\ow\openwatcom\rel2/lib386/os2\clib3r.lib(c:\ow\openwatcom\bld\clib\mbyte\c\mbsnbcpy.c)
0001:0003afc0  _mbsnbcpy_
Module: c:\ow\openwatcom\rel2/lib386/os2\clib3r.lib(c:\ow\openwatcom\bld\clib\mthread\c\mthrdini.c)
0001:0003b070  __InitThreadData_
0002:000010c0  ___ThreadDataSize
Module: c:\ow\openwatcom\rel2/lib386/os2\clib3r.lib(c:\ow\openwatcom\bld\clib\startup\c\cmain386.c)
0001:0003b0b0  __CMain
Module: c:\ow\openwatcom\rel2/lib386/os2\clib3r.lib(dosseg)
0000:00001234  __DOSseg__
Module: c:\ow\openwatcom\rel2/lib386/os2\clib3r.lib(c:\ow\openwatcom\bld\clib\startup\c\histsplt.c)
0002:00006764  ___historical_splitparms
Module: c:\ow\openwatcom\rel2/lib386/os2\clib3r.lib(c:\ow\openwatcom\bld\clib\startup\c\___argc.c)
0002:00006768  ____Argc
0002:0000676c  ____Argv
Module: c:\ow\openwatcom\rel2/lib386/os2\clib3r.lib(c:\ow\openwatcom\bld\clib\environ\c\setenvp.c)
0001:0003b100  __setenvp_
0001:0003b230  __freeenvp_
Module: c:\ow\openwatcom\rel2/lib386/os2\clib3r.lib(c:\ow\openwatcom\bld\clib\mbyte\c\mbinit.c)
0001:0003b2eb  __mbinit_
0002:000010c4  ___MBCodePage
Module: c:\ow\openwatcom\rel2/lib386/os2\clib3r.lib(c:\ow\openwatcom\bld\clib\kanji\c\mbdtoupp.c)
0001:0003b460  _mbdtoupper_
Module: c:\ow\openwatcom\bld\sdk\rc\wres/flat386/mf_r/wres.lib(wridcmp.c)
0001:0003b4b0  WResIDCmp_
Module: c:\ow\openwatcom\rel2/lib386/os2\clib3r.lib(c:\ow\openwatcom\bld\clib\time\c\leapyear.c)
0001:0003b4f0  __leapyear_
0002:0000002c  ___diyr
0002:00000046  ___dilyr
Module: c:\ow\openwatcom\rel2/lib386/os2\clib3r.lib(c:\ow\openwatcom\bld\clib\handleio\c\qwrit.c)
0001:0003b560  __qwrite_
Module: c:\ow\openwatcom\rel2/lib386/os2\clib3r.lib(c:\ow\openwatcom\bld\clib\handleio\c\fsync.c)
0001:0003b670  fsync_
Module: c:\ow\openwatcom\rel2/lib386/os2\clib3r.lib(c:\ow\openwatcom\bld\clib\mbyte\c\mbccmp.c)
0001:0003b6e0  _mbccmp_
Module: c:\ow\openwatcom\rel2/lib386/os2\clib3r.lib(c:\ow\openwatcom\bld\clib\heap\c\amblksiz.c)
0002:000010c8  __amblksiz
Module: c:\ow\openwatcom\rel2/lib386/os2\clib3r.lib(c:\ow\openwatcom\bld\clib\heap\c\heapen.c)
0001:0003b770* _heapenable_
0002:000010cc  ___heap_enabled
Module: c:\ow\openwatcom\rel2/lib386/os2\clib3r.lib(c:\ow\openwatcom\bld\clib\heap\c\nheapmin.c)
0001:0003b7b0* _heapshrink_
0001:0003b7e0* _heapmin_
0001:0003b810* _nheapmin_
0001:0003b940  _nheapshrink_
Module: c:\ow\openwatcom\rel2/lib386/os2\clib3r.lib(c:\ow\openwatcom\bld\clib\startup\c\enterdb.c)
0001:0003b9b0  __EnterWVIDEO_
0002:000010d0+ ___WD_Present
Module: c:\ow\openwatcom\rel2/lib386/os2\clib3r.lib(c:\ow\openwatcom\bld\clib\streamio\c\chktty.c)
0001:0003ba10  __chktty_
Module: c:\ow\openwatcom\rel2/lib386/os2\clib3r.lib(c:\ow\openwatcom\bld\clib\environ\c\clearenv.c)
0001:0003ba60  clearenv_


                        +----------------------+
                        |   Imported Symbols   |
                        +----------------------+

Symbol                              Module
======                              ======

DosOpen                             DOSCALLS
DosClose                            DOSCALLS
DosWrite                            DOSCALLS
DosSetFilePtr                       DOSCALLS
DosRead                             DOSCALLS
DosQueryPathInfo                    DOSCALLS
DosSetRelMaxFH                      DOSCALLS
DosMove                             DOSCALLS
DosQueryCurrentDisk                 DOSCALLS
DosFindFirst                        DOSCALLS
DosFindClose                        DOSCALLS
DosQueryCp                          DOSCALLS
DosQuerySysInfo                     DOSCALLS
DosExit                             DOSCALLS
DosDelete                           DOSCALLS
DosGetDateTime                      DOSCALLS
DosQueryModuleHandle                DOSCALLS
DosQueryProcAddr                    DOSCALLS
DosQueryHType                       DOSCALLS
DosGetInfoBlocks                    DOSCALLS
DosQueryCurrentDir                  DOSCALLS
DosQueryFileInfo                    DOSCALLS
DosAllocMem                         DOSCALLS
DosQueryDBCSEnv                     NLS
DosResetBuffer                      DOSCALLS
DosFreeMem                          DOSCALLS


                        +--------------------+
                        |   Libraries Used   |
                        +--------------------+

c:\ow\openwatcom\bld\sdk\rc\wres/flat386/mf_r/wres.lib
c:\ow\openwatcom\rel2/lib386/os2\clib3r.lib
c:\ow\openwatcom\rel2/lib386/os2\os2386.lib


                        +-----------------------+
                        |   Linker Statistics   |
                        +-----------------------+

Stack size:  00010000 (65536.)
Memory size:  000522b5 (336565.)
Entry point address: 0001:0002f780
Link time: 00:00.65
